Component: ARM Compiler 5.06 update 7 (build 960) Tool: armlink [4d3601]

==============================================================================

Small function inlining results

Inlined total of 0 calls.

==============================================================================

Section Cross References

    system_nuc029fae.o(.text) refers to uidiv.o(.text) for __aeabi_uidivmod
    system_nuc029fae.o(.text) refers to system_nuc029fae.o(.data) for .data
    startup_nuc029fae.o(RESET) refers to startup_nuc029fae.o(STACK) for __initial_sp
    startup_nuc029fae.o(RESET) refers to startup_nuc029fae.o(.text) for Reset_Handler
    startup_nuc029fae.o(RESET) refers to retarget.o(.emb_text) for HardFault_Handler
    startup_nuc029fae.o(RESET) refers to mycar.o(.text) for UART_IRQHandler
    startup_nuc029fae.o(.text) refers to entry.o(.ARM.Collect$$$$00000000) for __main
    retarget.o(.emb_text) refers to retarget.o(.text) for Hard_Fault_Handler
    retarget.o(.text) refers to printf5.o(i.__0printf$5) for __2printf
    retarget.o(.text) refers to retarget.o(.emb_text) for SH_DoCommand
    retarget.o(.text) refers to retarget.o(.bss) for .bss
    retarget.o(.text) refers to retarget.o(.data) for .data
    retarget.o(.text) refers to retarget.o(.emb_text) for SH_DoCommand
    retarget.o(.text) refers to retarget.o(.text) for SendChar
    retarget.o(.text) refers to retarget.o(.text) for GetChar
    retarget.o(.text) refers to retarget.o(.emb_text) for SH_DoCommand
    uart.o(.text) refers to uidiv.o(.text) for __aeabi_uidivmod
    uart.o(.text) refers to uart.o(.constdata) for .constdata
    uart.o(.text) refers to uidiv.o(.text) for __aeabi_uidivmod
    uart.o(.text) refers to uart.o(.constdata) for .constdata
    clk.o(.text) refers to system_nuc029fae.o(.text) for SystemCoreClockUpdate
    clk.o(.text) refers to system_nuc029fae.o(.data) for SystemCoreClock
    clk.o(.text) refers to system_nuc029fae.o(.text) for SystemCoreClockUpdate
    clk.o(.text) refers to system_nuc029fae.o(.data) for SystemCoreClock
    clk.o(.text) refers to uidiv.o(.text) for __aeabi_uidivmod
    clk.o(.text) refers to system_nuc029fae.o(.data) for SystemCoreClock
    mycar.o(.text) refers to uart.o(.text) for UART_DisableInt
    mycar.o(.text) refers to printf5.o(i.__0printf$5) for __2printf
    mycar.o(.text) refers to pwm.o(.text) for PWM_ConfigOutputChannel
    mycar.o(.text) refers to mycar.o(i.__ARM_common_switch8) for __ARM_common_switch8
    mycar.o(.text) refers to mycar.o(.data) for .data
    mymain.o(.text) refers to sys.o(.text) for SYS_UnlockReg
    mymain.o(.text) refers to clk.o(.text) for CLK_WaitClockReady
    mymain.o(.text) refers to system_nuc029fae.o(.text) for SystemCoreClockUpdate
    mymain.o(.text) refers to uart.o(.text) for UART_Open
    mymain.o(.text) refers to pwm.o(.text) for PWM_EnableOutput
    mymain.o(.text) refers to gpio.o(.text) for GPIO_SetMode
    pwm.o(.text) refers to uidiv.o(.text) for __aeabi_uidivmod
    pwm.o(.text) refers to system_nuc029fae.o(.data) for SystemCoreClock
    main.o(.text) refers to mymain.o(.text) for SYS_Init
    main.o(.text) refers to mycar.o(.text) for CAR_MANUEL
    entry.o(.ARM.Collect$$$$00000000) refers (Special) to entry10a.o(.ARM.Collect$$$$0000000F) for __rt_final_cpp
    entry.o(.ARM.Collect$$$$00000000) refers (Special) to entry11a.o(.ARM.Collect$$$$00000011) for __rt_final_exit
    entry.o(.ARM.Collect$$$$00000000) refers (Special) to entry12b.o(.ARM.Collect$$$$0000000E) for __rt_lib_shutdown_fini
    entry.o(.ARM.Collect$$$$00000000) refers (Special) to entry7b.o(.ARM.Collect$$$$00000008) for _main_clock
    entry.o(.ARM.Collect$$$$00000000) refers (Special) to entry8b.o(.ARM.Collect$$$$0000000A) for _main_cpp_init
    entry.o(.ARM.Collect$$$$00000000) refers (Special) to entry9a.o(.ARM.Collect$$$$0000000B) for _main_init
    entry.o(.ARM.Collect$$$$00000000) refers (Special) to entry5.o(.ARM.Collect$$$$00000004) for _main_scatterload
    entry.o(.ARM.Collect$$$$00000000) refers (Special) to entry2.o(.ARM.Collect$$$$00000001) for _main_stk
    printfb.o(i.__0fprintf$bare) refers to printfb.o(i._printf_core) for _printf_core
    printfb.o(i.__0fprintf$bare) refers to retarget.o(.text) for fputc
    printfb.o(i.__0printf$bare) refers to printfb.o(i._printf_core) for _printf_core
    printfb.o(i.__0printf$bare) refers to retarget.o(.text) for fputc
    printfb.o(i.__0printf$bare) refers to retarget.o(.data) for __stdout
    printfb.o(i.__0snprintf$bare) refers to printfb.o(i._printf_core) for _printf_core
    printfb.o(i.__0snprintf$bare) refers to printfb.o(i._snputc) for _snputc
    printfb.o(i.__0sprintf$bare) refers to printfb.o(i._printf_core) for _printf_core
    printfb.o(i.__0sprintf$bare) refers to printfb.o(i._sputc) for _sputc
    printfb.o(i.__0vfprintf$bare) refers to printfb.o(i._printf_core) for _printf_core
    printfb.o(i.__0vfprintf$bare) refers to retarget.o(.text) for fputc
    printfb.o(i.__0vprintf$bare) refers to printfb.o(i._printf_core) for _printf_core
    printfb.o(i.__0vprintf$bare) refers to retarget.o(.text) for fputc
    printfb.o(i.__0vprintf$bare) refers to retarget.o(.data) for __stdout
    printfb.o(i.__0vsnprintf$bare) refers to printfb.o(i._printf_core) for _printf_core
    printfb.o(i.__0vsnprintf$bare) refers to printfb.o(i._snputc) for _snputc
    printfb.o(i.__0vsprintf$bare) refers to printfb.o(i._printf_core) for _printf_core
    printfb.o(i.__0vsprintf$bare) refers to printfb.o(i._sputc) for _sputc
    printf0.o(i.__0fprintf$0) refers to printf0.o(i._printf_core) for _printf_core
    printf0.o(i.__0fprintf$0) refers to retarget.o(.text) for fputc
    printf0.o(i.__0printf$0) refers to printf0.o(i._printf_core) for _printf_core
    printf0.o(i.__0printf$0) refers to retarget.o(.text) for fputc
    printf0.o(i.__0printf$0) refers to retarget.o(.data) for __stdout
    printf0.o(i.__0snprintf$0) refers to printf0.o(i._printf_core) for _printf_core
    printf0.o(i.__0snprintf$0) refers to printf0.o(i._snputc) for _snputc
    printf0.o(i.__0sprintf$0) refers to printf0.o(i._printf_core) for _printf_core
    printf0.o(i.__0sprintf$0) refers to printf0.o(i._sputc) for _sputc
    printf0.o(i.__0vfprintf$0) refers to printf0.o(i._printf_core) for _printf_core
    printf0.o(i.__0vfprintf$0) refers to retarget.o(.text) for fputc
    printf0.o(i.__0vprintf$0) refers to printf0.o(i._printf_core) for _printf_core
    printf0.o(i.__0vprintf$0) refers to retarget.o(.text) for fputc
    printf0.o(i.__0vprintf$0) refers to retarget.o(.data) for __stdout
    printf0.o(i.__0vsnprintf$0) refers to printf0.o(i._printf_core) for _printf_core
    printf0.o(i.__0vsnprintf$0) refers to printf0.o(i._snputc) for _snputc
    printf0.o(i.__0vsprintf$0) refers to printf0.o(i._printf_core) for _printf_core
    printf0.o(i.__0vsprintf$0) refers to printf0.o(i._sputc) for _sputc
    printf1.o(i.__0fprintf$1) refers to printf1.o(i._printf_core) for _printf_core
    printf1.o(i.__0fprintf$1) refers to retarget.o(.text) for fputc
    printf1.o(i.__0printf$1) refers to printf1.o(i._printf_core) for _printf_core
    printf1.o(i.__0printf$1) refers to retarget.o(.text) for fputc
    printf1.o(i.__0printf$1) refers to retarget.o(.data) for __stdout
    printf1.o(i.__0snprintf$1) refers to printf1.o(i._printf_core) for _printf_core
    printf1.o(i.__0snprintf$1) refers to printf1.o(i._snputc) for _snputc
    printf1.o(i.__0sprintf$1) refers to printf1.o(i._printf_core) for _printf_core
    printf1.o(i.__0sprintf$1) refers to printf1.o(i._sputc) for _sputc
    printf1.o(i.__0vfprintf$1) refers to printf1.o(i._printf_core) for _printf_core
    printf1.o(i.__0vfprintf$1) refers to retarget.o(.text) for fputc
    printf1.o(i.__0vprintf$1) refers to printf1.o(i._printf_core) for _printf_core
    printf1.o(i.__0vprintf$1) refers to retarget.o(.text) for fputc
    printf1.o(i.__0vprintf$1) refers to retarget.o(.data) for __stdout
    printf1.o(i.__0vsnprintf$1) refers to printf1.o(i._printf_core) for _printf_core
    printf1.o(i.__0vsnprintf$1) refers to printf1.o(i._snputc) for _snputc
    printf1.o(i.__0vsprintf$1) refers to printf1.o(i._printf_core) for _printf_core
    printf1.o(i.__0vsprintf$1) refers to printf1.o(i._sputc) for _sputc
    printf1.o(i._printf_core) refers to uidiv.o(.text) for __aeabi_uidivmod
    printf2.o(i.__0fprintf$2) refers to printf2.o(i._printf_core) for _printf_core
    printf2.o(i.__0fprintf$2) refers to retarget.o(.text) for fputc
    printf2.o(i.__0printf$2) refers to printf2.o(i._printf_core) for _printf_core
    printf2.o(i.__0printf$2) refers to retarget.o(.text) for fputc
    printf2.o(i.__0printf$2) refers to retarget.o(.data) for __stdout
    printf2.o(i.__0snprintf$2) refers to printf2.o(i._printf_core) for _printf_core
    printf2.o(i.__0snprintf$2) refers to printf2.o(i._snputc) for _snputc
    printf2.o(i.__0sprintf$2) refers to printf2.o(i._printf_core) for _printf_core
    printf2.o(i.__0sprintf$2) refers to printf2.o(i._sputc) for _sputc
    printf2.o(i.__0vfprintf$2) refers to printf2.o(i._printf_core) for _printf_core
    printf2.o(i.__0vfprintf$2) refers to retarget.o(.text) for fputc
    printf2.o(i.__0vprintf$2) refers to printf2.o(i._printf_core) for _printf_core
    printf2.o(i.__0vprintf$2) refers to retarget.o(.text) for fputc
    printf2.o(i.__0vprintf$2) refers to retarget.o(.data) for __stdout
    printf2.o(i.__0vsnprintf$2) refers to printf2.o(i._printf_core) for _printf_core
    printf2.o(i.__0vsnprintf$2) refers to printf2.o(i._snputc) for _snputc
    printf2.o(i.__0vsprintf$2) refers to printf2.o(i._printf_core) for _printf_core
    printf2.o(i.__0vsprintf$2) refers to printf2.o(i._sputc) for _sputc
    printf3.o(i.__0fprintf$3) refers to printf3.o(i._printf_core) for _printf_core
    printf3.o(i.__0fprintf$3) refers to retarget.o(.text) for fputc
    printf3.o(i.__0printf$3) refers to printf3.o(i._printf_core) for _printf_core
    printf3.o(i.__0printf$3) refers to retarget.o(.text) for fputc
    printf3.o(i.__0printf$3) refers to retarget.o(.data) for __stdout
    printf3.o(i.__0snprintf$3) refers to printf3.o(i._printf_core) for _printf_core
    printf3.o(i.__0snprintf$3) refers to printf3.o(i._snputc) for _snputc
    printf3.o(i.__0sprintf$3) refers to printf3.o(i._printf_core) for _printf_core
    printf3.o(i.__0sprintf$3) refers to printf3.o(i._sputc) for _sputc
    printf3.o(i.__0vfprintf$3) refers to printf3.o(i._printf_core) for _printf_core
    printf3.o(i.__0vfprintf$3) refers to retarget.o(.text) for fputc
    printf3.o(i.__0vprintf$3) refers to printf3.o(i._printf_core) for _printf_core
    printf3.o(i.__0vprintf$3) refers to retarget.o(.text) for fputc
    printf3.o(i.__0vprintf$3) refers to retarget.o(.data) for __stdout
    printf3.o(i.__0vsnprintf$3) refers to printf3.o(i._printf_core) for _printf_core
    printf3.o(i.__0vsnprintf$3) refers to printf3.o(i._snputc) for _snputc
    printf3.o(i.__0vsprintf$3) refers to printf3.o(i._printf_core) for _printf_core
    printf3.o(i.__0vsprintf$3) refers to printf3.o(i._sputc) for _sputc
    printf3.o(i._printf_core) refers to uidiv.o(.text) for __aeabi_uidivmod
    printf4.o(i.__0fprintf$4) refers to printf4.o(i._printf_core) for _printf_core
    printf4.o(i.__0fprintf$4) refers to retarget.o(.text) for fputc
    printf4.o(i.__0printf$4) refers to printf4.o(i._printf_core) for _printf_core
    printf4.o(i.__0printf$4) refers to retarget.o(.text) for fputc
    printf4.o(i.__0printf$4) refers to retarget.o(.data) for __stdout
    printf4.o(i.__0snprintf$4) refers to printf4.o(i._printf_core) for _printf_core
    printf4.o(i.__0snprintf$4) refers to printf4.o(i._snputc) for _snputc
    printf4.o(i.__0sprintf$4) refers to printf4.o(i._printf_core) for _printf_core
    printf4.o(i.__0sprintf$4) refers to printf4.o(i._sputc) for _sputc
    printf4.o(i.__0vfprintf$4) refers to printf4.o(i._printf_core) for _printf_core
    printf4.o(i.__0vfprintf$4) refers to retarget.o(.text) for fputc
    printf4.o(i.__0vprintf$4) refers to printf4.o(i._printf_core) for _printf_core
    printf4.o(i.__0vprintf$4) refers to retarget.o(.text) for fputc
    printf4.o(i.__0vprintf$4) refers to retarget.o(.data) for __stdout
    printf4.o(i.__0vsnprintf$4) refers to printf4.o(i._printf_core) for _printf_core
    printf4.o(i.__0vsnprintf$4) refers to printf4.o(i._snputc) for _snputc
    printf4.o(i.__0vsprintf$4) refers to printf4.o(i._printf_core) for _printf_core
    printf4.o(i.__0vsprintf$4) refers to printf4.o(i._sputc) for _sputc
    printf4.o(i._printf_core) refers to uldiv.o(.text) for __aeabi_uldivmod
    printf5.o(i.__0fprintf$5) refers to printf5.o(i._printf_core) for _printf_core
    printf5.o(i.__0fprintf$5) refers to retarget.o(.text) for fputc
    printf5.o(i.__0printf$5) refers to printf5.o(i._printf_core) for _printf_core
    printf5.o(i.__0printf$5) refers to retarget.o(.text) for fputc
    printf5.o(i.__0printf$5) refers to retarget.o(.data) for __stdout
    printf5.o(i.__0snprintf$5) refers to printf5.o(i._printf_core) for _printf_core
    printf5.o(i.__0snprintf$5) refers to printf5.o(i._snputc) for _snputc
    printf5.o(i.__0sprintf$5) refers to printf5.o(i._printf_core) for _printf_core
    printf5.o(i.__0sprintf$5) refers to printf5.o(i._sputc) for _sputc
    printf5.o(i.__0vfprintf$5) refers to printf5.o(i._printf_core) for _printf_core
    printf5.o(i.__0vfprintf$5) refers to retarget.o(.text) for fputc
    printf5.o(i.__0vprintf$5) refers to printf5.o(i._printf_core) for _printf_core
    printf5.o(i.__0vprintf$5) refers to retarget.o(.text) for fputc
    printf5.o(i.__0vprintf$5) refers to retarget.o(.data) for __stdout
    printf5.o(i.__0vsnprintf$5) refers to printf5.o(i._printf_core) for _printf_core
    printf5.o(i.__0vsnprintf$5) refers to printf5.o(i._snputc) for _snputc
    printf5.o(i.__0vsprintf$5) refers to printf5.o(i._printf_core) for _printf_core
    printf5.o(i.__0vsprintf$5) refers to printf5.o(i._sputc) for _sputc
    printf5.o(i._printf_core) refers to uldiv.o(.text) for __aeabi_uldivmod
    printf6.o(i.__0fprintf$6) refers to printf6.o(i._printf_core) for _printf_core
    printf6.o(i.__0fprintf$6) refers to retarget.o(.text) for fputc
    printf6.o(i.__0printf$6) refers to printf6.o(i._printf_core) for _printf_core
    printf6.o(i.__0printf$6) refers to retarget.o(.text) for fputc
    printf6.o(i.__0printf$6) refers to retarget.o(.data) for __stdout
    printf6.o(i.__0snprintf$6) refers to printf6.o(i._printf_core) for _printf_core
    printf6.o(i.__0snprintf$6) refers to printf6.o(i._snputc) for _snputc
    printf6.o(i.__0sprintf$6) refers to printf6.o(i._printf_core) for _printf_core
    printf6.o(i.__0sprintf$6) refers to printf6.o(i._sputc) for _sputc
    printf6.o(i.__0vfprintf$6) refers to printf6.o(i._printf_core) for _printf_core
    printf6.o(i.__0vfprintf$6) refers to retarget.o(.text) for fputc
    printf6.o(i.__0vprintf$6) refers to printf6.o(i._printf_core) for _printf_core
    printf6.o(i.__0vprintf$6) refers to retarget.o(.text) for fputc
    printf6.o(i.__0vprintf$6) refers to retarget.o(.data) for __stdout
    printf6.o(i.__0vsnprintf$6) refers to printf6.o(i._printf_core) for _printf_core
    printf6.o(i.__0vsnprintf$6) refers to printf6.o(i._snputc) for _snputc
    printf6.o(i.__0vsprintf$6) refers to printf6.o(i._printf_core) for _printf_core
    printf6.o(i.__0vsprintf$6) refers to printf6.o(i._sputc) for _sputc
    printf6.o(i._printf_core) refers to printf6.o(i._printf_pre_padding) for _printf_pre_padding
    printf6.o(i._printf_core) refers to printf6.o(i._printf_post_padding) for _printf_post_padding
    printf6.o(i._printf_core) refers to uidiv.o(.text) for __aeabi_uidivmod
    printf7.o(i.__0fprintf$7) refers to printf7.o(i._printf_core) for _printf_core
    printf7.o(i.__0fprintf$7) refers to retarget.o(.text) for fputc
    printf7.o(i.__0printf$7) refers to printf7.o(i._printf_core) for _printf_core
    printf7.o(i.__0printf$7) refers to retarget.o(.text) for fputc
    printf7.o(i.__0printf$7) refers to retarget.o(.data) for __stdout
    printf7.o(i.__0snprintf$7) refers to printf7.o(i._printf_core) for _printf_core
    printf7.o(i.__0snprintf$7) refers to printf7.o(i._snputc) for _snputc
    printf7.o(i.__0sprintf$7) refers to printf7.o(i._printf_core) for _printf_core
    printf7.o(i.__0sprintf$7) refers to printf7.o(i._sputc) for _sputc
    printf7.o(i.__0vfprintf$7) refers to printf7.o(i._printf_core) for _printf_core
    printf7.o(i.__0vfprintf$7) refers to retarget.o(.text) for fputc
    printf7.o(i.__0vprintf$7) refers to printf7.o(i._printf_core) for _printf_core
    printf7.o(i.__0vprintf$7) refers to retarget.o(.text) for fputc
    printf7.o(i.__0vprintf$7) refers to retarget.o(.data) for __stdout
    printf7.o(i.__0vsnprintf$7) refers to printf7.o(i._printf_core) for _printf_core
    printf7.o(i.__0vsnprintf$7) refers to printf7.o(i._snputc) for _snputc
    printf7.o(i.__0vsprintf$7) refers to printf7.o(i._printf_core) for _printf_core
    printf7.o(i.__0vsprintf$7) refers to printf7.o(i._sputc) for _sputc
    printf7.o(i._printf_core) refers to printf7.o(i._printf_pre_padding) for _printf_pre_padding
    printf7.o(i._printf_core) refers to printf7.o(i._printf_post_padding) for _printf_post_padding
    printf7.o(i._printf_core) refers to uldiv.o(.text) for __aeabi_uldivmod
    printf8.o(i.__0fprintf$8) refers to printf8.o(i._printf_core) for _printf_core
    printf8.o(i.__0fprintf$8) refers to retarget.o(.text) for fputc
    printf8.o(i.__0printf$8) refers to printf8.o(i._printf_core) for _printf_core
    printf8.o(i.__0printf$8) refers to retarget.o(.text) for fputc
    printf8.o(i.__0printf$8) refers to retarget.o(.data) for __stdout
    printf8.o(i.__0snprintf$8) refers to printf8.o(i._printf_core) for _printf_core
    printf8.o(i.__0snprintf$8) refers to printf8.o(i._snputc) for _snputc
    printf8.o(i.__0sprintf$8) refers to printf8.o(i._printf_core) for _printf_core
    printf8.o(i.__0sprintf$8) refers to printf8.o(i._sputc) for _sputc
    printf8.o(i.__0vfprintf$8) refers to printf8.o(i._printf_core) for _printf_core
    printf8.o(i.__0vfprintf$8) refers to retarget.o(.text) for fputc
    printf8.o(i.__0vprintf$8) refers to printf8.o(i._printf_core) for _printf_core
    printf8.o(i.__0vprintf$8) refers to retarget.o(.text) for fputc
    printf8.o(i.__0vprintf$8) refers to retarget.o(.data) for __stdout
    printf8.o(i.__0vsnprintf$8) refers to printf8.o(i._printf_core) for _printf_core
    printf8.o(i.__0vsnprintf$8) refers to printf8.o(i._snputc) for _snputc
    printf8.o(i.__0vsprintf$8) refers to printf8.o(i._printf_core) for _printf_core
    printf8.o(i.__0vsprintf$8) refers to printf8.o(i._sputc) for _sputc
    printf8.o(i._printf_core) refers to printf8.o(i._printf_pre_padding) for _printf_pre_padding
    printf8.o(i._printf_core) refers to printf8.o(i._printf_post_padding) for _printf_post_padding
    printf8.o(i._printf_core) refers to uldiv.o(.text) for __aeabi_uldivmod
    printfa.o(i.__0fprintf) refers (Special) to iusefp.o(.text) for __I$use$fp
    printfa.o(i.__0fprintf) refers to printfa.o(i._printf_core) for _printf_core
    printfa.o(i.__0fprintf) refers to retarget.o(.text) for fputc
    printfa.o(i.__0printf) refers (Special) to iusefp.o(.text) for __I$use$fp
    printfa.o(i.__0printf) refers to printfa.o(i._printf_core) for _printf_core
    printfa.o(i.__0printf) refers to retarget.o(.text) for fputc
    printfa.o(i.__0printf) refers to retarget.o(.data) for __stdout
    printfa.o(i.__0snprintf) refers (Special) to iusefp.o(.text) for __I$use$fp
    printfa.o(i.__0snprintf) refers to printfa.o(i._printf_core) for _printf_core
    printfa.o(i.__0snprintf) refers to printfa.o(i._snputc) for _snputc
    printfa.o(i.__0sprintf) refers (Special) to iusefp.o(.text) for __I$use$fp
    printfa.o(i.__0sprintf) refers to printfa.o(i._printf_core) for _printf_core
    printfa.o(i.__0sprintf) refers to printfa.o(i._sputc) for _sputc
    printfa.o(i.__0vfprintf) refers (Special) to iusefp.o(.text) for __I$use$fp
    printfa.o(i.__0vfprintf) refers to printfa.o(i._printf_core) for _printf_core
    printfa.o(i.__0vfprintf) refers to retarget.o(.text) for fputc
    printfa.o(i.__0vprintf) refers (Special) to iusefp.o(.text) for __I$use$fp
    printfa.o(i.__0vprintf) refers to printfa.o(i._printf_core) for _printf_core
    printfa.o(i.__0vprintf) refers to retarget.o(.text) for fputc
    printfa.o(i.__0vprintf) refers to retarget.o(.data) for __stdout
    printfa.o(i.__0vsnprintf) refers (Special) to iusefp.o(.text) for __I$use$fp
    printfa.o(i.__0vsnprintf) refers to printfa.o(i._printf_core) for _printf_core
    printfa.o(i.__0vsnprintf) refers to printfa.o(i._snputc) for _snputc
    printfa.o(i.__0vsprintf) refers (Special) to iusefp.o(.text) for __I$use$fp
    printfa.o(i.__0vsprintf) refers to printfa.o(i._printf_core) for _printf_core
    printfa.o(i.__0vsprintf) refers to printfa.o(i._sputc) for _sputc
    printfa.o(i._fp_digits) refers (Special) to iusefp.o(.text) for __I$use$fp
    printfa.o(i._fp_digits) refers to dmul.o(.text) for __aeabi_dmul
    printfa.o(i._fp_digits) refers to ddiv.o(.text) for __aeabi_ddiv
    printfa.o(i._fp_digits) refers to cdrcmple.o(.text) for __aeabi_cdrcmple
    printfa.o(i._fp_digits) refers to dadd.o(.text) for __aeabi_dadd
    printfa.o(i._fp_digits) refers to dfixul.o(.text) for __aeabi_d2ulz
    printfa.o(i._fp_digits) refers to uldiv.o(.text) for __aeabi_uldivmod
    printfa.o(i._printf_core) refers (Special) to iusefp.o(.text) for __I$use$fp
    printfa.o(i._printf_core) refers to printfa.o(i._printf_pre_padding) for _printf_pre_padding
    printfa.o(i._printf_core) refers to uldiv.o(.text) for __aeabi_uldivmod
    printfa.o(i._printf_core) refers to printfa.o(i._printf_post_padding) for _printf_post_padding
    printfa.o(i._printf_core) refers to printfa.o(i._fp_digits) for _fp_digits
    printfa.o(i._printf_core) refers to uidiv.o(.text) for __aeabi_uidivmod
    printfa.o(i._printf_post_padding) refers (Special) to iusefp.o(.text) for __I$use$fp
    printfa.o(i._printf_pre_padding) refers (Special) to iusefp.o(.text) for __I$use$fp
    printfa.o(i._snputc) refers (Special) to iusefp.o(.text) for __I$use$fp
    printfa.o(i._sputc) refers (Special) to iusefp.o(.text) for __I$use$fp
    entry2.o(.ARM.Collect$$$$00000001) refers to entry2.o(.ARM.Collect$$$$00002712) for __lit__00000000
    entry2.o(.ARM.Collect$$$$00002712) refers to startup_nuc029fae.o(STACK) for __initial_sp
    entry2.o(__vectab_stack_and_reset_area) refers to startup_nuc029fae.o(STACK) for __initial_sp
    entry2.o(__vectab_stack_and_reset_area) refers to entry.o(.ARM.Collect$$$$00000000) for __main
    entry5.o(.ARM.Collect$$$$00000004) refers to init.o(.text) for __scatterload
    entry9a.o(.ARM.Collect$$$$0000000B) refers to main.o(.text) for main
    entry9b.o(.ARM.Collect$$$$0000000C) refers to main.o(.text) for main
    uldiv.o(.text) refers to llushr.o(.text) for __aeabi_llsr
    uldiv.o(.text) refers to llshl.o(.text) for __aeabi_llsl
    dadd.o(.text) refers to llshl.o(.text) for __aeabi_llsl
    dadd.o(.text) refers to llsshr.o(.text) for __aeabi_lasr
    dadd.o(.text) refers to depilogue.o(.text) for _double_epilogue
    dmul.o(.text) refers to depilogue.o(.text) for _double_epilogue
    ddiv.o(.text) refers to depilogue.o(.text) for _double_round
    dfixul.o(.text) refers to llushr.o(.text) for __aeabi_llsr
    dfixul.o(.text) refers to llshl.o(.text) for __aeabi_llsl
    init.o(.text) refers to entry5.o(.ARM.Collect$$$$00000004) for __main_after_scatterload
    depilogue.o(.text) refers to depilogue.o(i.__ARM_clz) for __ARM_clz
    depilogue.o(.text) refers to llshl.o(.text) for __aeabi_llsl
    depilogue.o(.text) refers to llushr.o(.text) for __aeabi_llsr


==============================================================================

Removing Unused input sections from the image.

    Removing system_nuc029fae.o(.rev16_text), (4 bytes).
    Removing system_nuc029fae.o(.revsh_text), (4 bytes).
    Removing startup_nuc029fae.o(HEAP), (0 bytes).
    Removing retarget.o(.rev16_text), (4 bytes).
    Removing retarget.o(.revsh_text), (4 bytes).
    Removing retarget.o(.text), (2 bytes).
    Removing retarget.o(.text), (46 bytes).
    Removing retarget.o(.text), (4 bytes).
    Removing retarget.o(.text), (4 bytes).
    Removing retarget.o(.text), (8 bytes).
    Removing retarget.o(.text), (8 bytes).
    Removing retarget.o(.text), (6 bytes).
    Removing retarget.o(.text), (16 bytes).
    Removing retarget.o(.data), (4 bytes).
    Removing uart.o(.rev16_text), (4 bytes).
    Removing uart.o(.revsh_text), (4 bytes).
    Removing uart.o(.text), (64 bytes).
    Removing uart.o(.text), (6 bytes).
    Removing uart.o(.text), (12 bytes).
    Removing uart.o(.text), (38 bytes).
    Removing uart.o(.text), (8 bytes).
    Removing uart.o(.text), (44 bytes).
    Removing uart.o(.text), (104 bytes).
    Removing uart.o(.text), (22 bytes).
    Removing uart.o(.text), (40 bytes).
    Removing uart.o(.text), (20 bytes).
    Removing uart.o(.text), (44 bytes).
    Removing clk.o(.rev16_text), (4 bytes).
    Removing clk.o(.revsh_text), (4 bytes).
    Removing clk.o(.text), (16 bytes).
    Removing clk.o(.text), (36 bytes).
    Removing clk.o(.text), (28 bytes).
    Removing clk.o(.text), (20 bytes).
    Removing clk.o(.text), (20 bytes).
    Removing clk.o(.text), (24 bytes).
    Removing clk.o(.text), (16 bytes).
    Removing clk.o(.text), (16 bytes).
    Removing clk.o(.text), (28 bytes).
    Removing clk.o(.text), (80 bytes).
    Removing clk.o(.text), (20 bytes).
    Removing clk.o(.text), (16 bytes).
    Removing clk.o(.text), (16 bytes).
    Removing clk.o(.text), (28 bytes).
    Removing clk.o(.text), (28 bytes).
    Removing clk.o(.text), (88 bytes).
    Removing sys.o(.rev16_text), (4 bytes).
    Removing sys.o(.revsh_text), (4 bytes).
    Removing sys.o(.text), (12 bytes).
    Removing sys.o(.text), (12 bytes).
    Removing sys.o(.text), (8 bytes).
    Removing sys.o(.text), (16 bytes).
    Removing sys.o(.text), (8 bytes).
    Removing sys.o(.text), (14 bytes).
    Removing sys.o(.text), (14 bytes).
    Removing sys.o(.text), (28 bytes).
    Removing sys.o(.text), (36 bytes).
    Removing sys.o(.text), (22 bytes).
    Removing mycar.o(.rev16_text), (4 bytes).
    Removing mycar.o(.revsh_text), (4 bytes).
    Removing mymain.o(.rev16_text), (4 bytes).
    Removing mymain.o(.revsh_text), (4 bytes).
    Removing pwm.o(.rev16_text), (4 bytes).
    Removing pwm.o(.revsh_text), (4 bytes).
    Removing pwm.o(.text), (44 bytes).
    Removing pwm.o(.text), (48 bytes).
    Removing pwm.o(.text), (36 bytes).
    Removing pwm.o(.text), (36 bytes).
    Removing pwm.o(.text), (28 bytes).
    Removing pwm.o(.text), (16 bytes).
    Removing pwm.o(.text), (12 bytes).
    Removing pwm.o(.text), (16 bytes).
    Removing pwm.o(.text), (40 bytes).
    Removing pwm.o(.text), (20 bytes).
    Removing pwm.o(.text), (20 bytes).
    Removing pwm.o(.text), (20 bytes).
    Removing pwm.o(.text), (16 bytes).
    Removing pwm.o(.text), (24 bytes).
    Removing pwm.o(.text), (20 bytes).
    Removing pwm.o(.text), (20 bytes).
    Removing pwm.o(.text), (12 bytes).
    Removing pwm.o(.text), (16 bytes).
    Removing pwm.o(.text), (28 bytes).
    Removing pwm.o(.text), (20 bytes).
    Removing pwm.o(.text), (16 bytes).
    Removing pwm.o(.text), (20 bytes).
    Removing gpio.o(.rev16_text), (4 bytes).
    Removing gpio.o(.revsh_text), (4 bytes).
    Removing gpio.o(.text), (26 bytes).
    Removing gpio.o(.text), (28 bytes).
    Removing main.o(.rev16_text), (4 bytes).
    Removing main.o(.revsh_text), (4 bytes).
    Removing dadd.o(.text), (360 bytes).
    Removing dmul.o(.text), (208 bytes).
    Removing ddiv.o(.text), (240 bytes).
    Removing dfixul.o(.text), (64 bytes).
    Removing cdrcmple.o(.text), (40 bytes).
    Removing depilogue.o(.text), (190 bytes).
    Removing depilogue.o(i.__ARM_clz), (46 bytes).

98 unused section(s) (total 2960 bytes) removed from the image.

==============================================================================

Image Symbol Table

    Local Symbols

    Symbol Name                              Value     Ov Type        Size  Object(Section)

    RESET                                    0x00000000   Section      192  startup_nuc029fae.o(RESET)
    ../clib/microlib/division.c              0x00000000   Number         0  uldiv.o ABSOLUTE
    ../clib/microlib/division.c              0x00000000   Number         0  uidiv.o ABSOLUTE
    ../clib/microlib/init/entry.s            0x00000000   Number         0  entry11a.o ABSOLUTE
    ../clib/microlib/init/entry.s            0x00000000   Number         0  entry12a.o ABSOLUTE
    ../clib/microlib/init/entry.s            0x00000000   Number         0  entry11b.o ABSOLUTE
    ../clib/microlib/init/entry.s            0x00000000   Number         0  entry7b.o ABSOLUTE
    ../clib/microlib/init/entry.s            0x00000000   Number         0  entry.o ABSOLUTE
    ../clib/microlib/init/entry.s            0x00000000   Number         0  entry12b.o ABSOLUTE
    ../clib/microlib/init/entry.s            0x00000000   Number         0  entry10b.o ABSOLUTE
    ../clib/microlib/init/entry.s            0x00000000   Number         0  entry10a.o ABSOLUTE
    ../clib/microlib/init/entry.s            0x00000000   Number         0  entry9b.o ABSOLUTE
    ../clib/microlib/init/entry.s            0x00000000   Number         0  entry9a.o ABSOLUTE
    ../clib/microlib/init/entry.s            0x00000000   Number         0  entry8b.o ABSOLUTE
    ../clib/microlib/init/entry.s            0x00000000   Number         0  entry8a.o ABSOLUTE
    ../clib/microlib/init/entry.s            0x00000000   Number         0  entry7a.o ABSOLUTE
    ../clib/microlib/init/entry.s            0x00000000   Number         0  entry5.o ABSOLUTE
    ../clib/microlib/init/entry.s            0x00000000   Number         0  entry2.o ABSOLUTE
    ../clib/microlib/longlong.c              0x00000000   Number         0  llushr.o ABSOLUTE
    ../clib/microlib/longlong.c              0x00000000   Number         0  llshl.o ABSOLUTE
    ../clib/microlib/longlong.c              0x00000000   Number         0  llsshr.o ABSOLUTE
    ../clib/microlib/printf/printf.c         0x00000000   Number         0  printf6.o ABSOLUTE
    ../clib/microlib/printf/printf.c         0x00000000   Number         0  printfa.o ABSOLUTE
    ../clib/microlib/printf/printf.c         0x00000000   Number         0  printf8.o ABSOLUTE
    ../clib/microlib/printf/printf.c         0x00000000   Number         0  printf7.o ABSOLUTE
    ../clib/microlib/printf/printf.c         0x00000000   Number         0  printf5.o ABSOLUTE
    ../clib/microlib/printf/printf.c         0x00000000   Number         0  printf4.o ABSOLUTE
    ../clib/microlib/printf/printf.c         0x00000000   Number         0  printfb.o ABSOLUTE
    ../clib/microlib/printf/printf.c         0x00000000   Number         0  printf0.o ABSOLUTE
    ../clib/microlib/printf/printf.c         0x00000000   Number         0  printf1.o ABSOLUTE
    ../clib/microlib/printf/printf.c         0x00000000   Number         0  printf2.o ABSOLUTE
    ../clib/microlib/printf/printf.c         0x00000000   Number         0  printf3.o ABSOLUTE
    ../clib/microlib/printf/stubs.s          0x00000000   Number         0  stubs.o ABSOLUTE
    ../clib/microlib/stubs.s                 0x00000000   Number         0  iusefp.o ABSOLUTE
    ../fplib/microlib/fpadd.c                0x00000000   Number         0  dadd.o ABSOLUTE
    ../fplib/microlib/fpdiv.c                0x00000000   Number         0  ddiv.o ABSOLUTE
    ../fplib/microlib/fpepilogue.c           0x00000000   Number         0  depilogue.o ABSOLUTE
    ../fplib/microlib/fpfix.c                0x00000000   Number         0  dfixul.o ABSOLUTE
    ../fplib/microlib/fpmul.c                0x00000000   Number         0  dmul.o ABSOLUTE
    ..\..\..\..\Library\Device\Nuvoton\NUC029FAE\Source\ARM\startup_NUC029FAE.s 0x00000000   Number         0  startup_nuc029fae.o ABSOLUTE
    ..\..\..\..\Library\Device\Nuvoton\NUC029FAE\Source\system_NUC029FAE.c 0x00000000   Number         0  system_nuc029fae.o ABSOLUTE
    ..\..\..\..\Library\StdDriver\src\clk.c  0x00000000   Number         0  clk.o ABSOLUTE
    ..\..\..\..\Library\StdDriver\src\gpio.c 0x00000000   Number         0  gpio.o ABSOLUTE
    ..\..\..\..\Library\StdDriver\src\mycar.c 0x00000000   Number         0  mycar.o ABSOLUTE
    ..\..\..\..\Library\StdDriver\src\mymain.c 0x00000000   Number         0  mymain.o ABSOLUTE
    ..\..\..\..\Library\StdDriver\src\pwm.c  0x00000000   Number         0  pwm.o ABSOLUTE
    ..\..\..\..\Library\StdDriver\src\retarget.c 0x00000000   Number         0  retarget.o ABSOLUTE
    ..\..\..\..\Library\StdDriver\src\sys.c  0x00000000   Number         0  sys.o ABSOLUTE
    ..\..\..\..\Library\StdDriver\src\uart.c 0x00000000   Number         0  uart.o ABSOLUTE
    ..\\..\\..\\..\\Library\\Device\\Nuvoton\\NUC029FAE\\Source\\system_NUC029FAE.c 0x00000000   Number         0  system_nuc029fae.o ABSOLUTE
    ..\\..\\..\\..\\Library\\StdDriver\\src\\clk.c 0x00000000   Number         0  clk.o ABSOLUTE
    ..\\..\\..\\..\\Library\\StdDriver\\src\\gpio.c 0x00000000   Number         0  gpio.o ABSOLUTE
    ..\\..\\..\\..\\Library\\StdDriver\\src\\mycar.c 0x00000000   Number         0  mycar.o ABSOLUTE
    ..\\..\\..\\..\\Library\\StdDriver\\src\\mymain.c 0x00000000   Number         0  mymain.o ABSOLUTE
    ..\\..\\..\\..\\Library\\StdDriver\\src\\pwm.c 0x00000000   Number         0  pwm.o ABSOLUTE
    ..\\..\\..\\..\\Library\\StdDriver\\src\\retarget.c 0x00000000   Number         0  retarget.o ABSOLUTE
    ..\\..\\..\\..\\Library\\StdDriver\\src\\sys.c 0x00000000   Number         0  sys.o ABSOLUTE
    ..\\..\\..\\..\\Library\\StdDriver\\src\\uart.c 0x00000000   Number         0  uart.o ABSOLUTE
    ..\\main.c                               0x00000000   Number         0  main.o ABSOLUTE
    ..\main.c                                0x00000000   Number         0  main.o ABSOLUTE
    cdrcmple.s                               0x00000000   Number         0  cdrcmple.o ABSOLUTE
    handlers.s                               0x00000000   Number         0  handlers.o ABSOLUTE
    init.s                                   0x00000000   Number         0  init.o ABSOLUTE
    .ARM.Collect$$$$00000000                 0x000000c0   Section        0  entry.o(.ARM.Collect$$$$00000000)
    .ARM.Collect$$$$00000001                 0x000000c0   Section        4  entry2.o(.ARM.Collect$$$$00000001)
    .ARM.Collect$$$$00000004                 0x000000c4   Section        4  entry5.o(.ARM.Collect$$$$00000004)
    .ARM.Collect$$$$00000008                 0x000000c8   Section        0  entry7b.o(.ARM.Collect$$$$00000008)
    .ARM.Collect$$$$0000000A                 0x000000c8   Section        0  entry8b.o(.ARM.Collect$$$$0000000A)
    .ARM.Collect$$$$0000000B                 0x000000c8   Section        8  entry9a.o(.ARM.Collect$$$$0000000B)
    .ARM.Collect$$$$0000000E                 0x000000d0   Section        4  entry12b.o(.ARM.Collect$$$$0000000E)
    .ARM.Collect$$$$0000000F                 0x000000d4   Section        0  entry10a.o(.ARM.Collect$$$$0000000F)
    .ARM.Collect$$$$00000011                 0x000000d4   Section        0  entry11a.o(.ARM.Collect$$$$00000011)
    .ARM.Collect$$$$00002712                 0x000000d4   Section        4  entry2.o(.ARM.Collect$$$$00002712)
    __lit__00000000                          0x000000d4   Data           4  entry2.o(.ARM.Collect$$$$00002712)
    .emb_text                                0x000000d8   Section       86  retarget.o(.emb_text)
    .text                                    0x00000130   Section        0  system_nuc029fae.o(.text)
    .text                                    0x00000180   Section       20  startup_nuc029fae.o(.text)
    Default_Handler                          0x0000018f   Thumb Code     2  startup_nuc029fae.o(.text)
    .text                                    0x00000194   Section        0  retarget.o(.text)
    __tagsym$$used                           0x000001db   Number         0  retarget.o(.text)
    .text                                    0x000002b4   Section        0  uart.o(.text)
    .text                                    0x00000320   Section        0  clk.o(.text)
    .text                                    0x00000348   Section        0  sys.o(.text)
    .text                                    0x00000370   Section        0  mycar.o(.text)
    .text                                    0x0000055c   Section        0  mymain.o(.text)
    .text                                    0x00000608   Section        0  pwm.o(.text)
    .text                                    0x00000750   Section        0  gpio.o(.text)
    .text                                    0x00000778   Section        0  main.o(.text)
    .text                                    0x00000786   Section        0  uidiv.o(.text)
    .text                                    0x000007b2   Section        0  uldiv.o(.text)
    .text                                    0x00000814   Section       36  init.o(.text)
    .text                                    0x00000838   Section        0  llshl.o(.text)
    .text                                    0x00000858   Section        0  llushr.o(.text)
    i.__0printf$5                            0x0000087c   Section        0  printf5.o(i.__0printf$5)
    i.__ARM_common_switch8                   0x0000089c   Section        0  mycar.o(i.__ARM_common_switch8)
    i.__scatterload_copy                     0x000008b6   Section       14  handlers.o(i.__scatterload_copy)
    i.__scatterload_null                     0x000008c4   Section        2  handlers.o(i.__scatterload_null)
    i.__scatterload_zeroinit                 0x000008c6   Section       14  handlers.o(i.__scatterload_zeroinit)
    i._printf_core                           0x000008d4   Section        0  printf5.o(i._printf_core)
    _printf_core                             0x000008d5   Thumb Code   680  printf5.o(i._printf_core)
    .constdata                               0x00000ba8   Section       32  uart.o(.constdata)
    .data                                    0x20000000   Section        8  system_nuc029fae.o(.data)
    .data                                    0x20000008   Section        1  retarget.o(.data)
    g_buf_len                                0x20000008   Data           1  retarget.o(.data)
    .data                                    0x2000000c   Section        4  retarget.o(.data)
    .data                                    0x20000010   Section        8  mycar.o(.data)
    .bss                                     0x20000018   Section       16  retarget.o(.bss)
    g_buf                                    0x20000018   Data          16  retarget.o(.bss)
    STACK                                    0x20000028   Section      512  startup_nuc029fae.o(STACK)

    Global Symbols

    Symbol Name                              Value     Ov Type        Size  Object(Section)

    BuildAttributes$$THM_ISAv3M$S$PE$A:L22$X:L11$S22$IEEE1$IW$USESV6$~STKCKD$USESV7$~SHL$OSPACE$ROPI$EBA8$MICROLIB$REQ8$PRES8$EABIv2 0x00000000   Number         0  anon$$obj.o ABSOLUTE
    __ARM_use_no_argv                        0x00000000   Number         0  main.o ABSOLUTE
    __Vectors                                0x00000000   Data           4  startup_nuc029fae.o(RESET)
    _printf_a                                0x00000000   Number         0  stubs.o ABSOLUTE
    _printf_c                                0x00000000   Number         0  stubs.o ABSOLUTE
    _printf_charcount                        0x00000000   Number         0  stubs.o ABSOLUTE
    _printf_d                                0x00000000   Number         0  stubs.o ABSOLUTE
    _printf_e                                0x00000000   Number         0  stubs.o ABSOLUTE
    _printf_f                                0x00000000   Number         0  stubs.o ABSOLUTE
    _printf_flags                            0x00000000   Number         0  stubs.o ABSOLUTE
    _printf_fp_dec                           0x00000000   Number         0  stubs.o ABSOLUTE
    _printf_fp_hex                           0x00000000   Number         0  stubs.o ABSOLUTE
    _printf_g                                0x00000000   Number         0  stubs.o ABSOLUTE
    _printf_i                                0x00000000   Number         0  stubs.o ABSOLUTE
    _printf_int_dec                          0x00000000   Number         0  stubs.o ABSOLUTE
    _printf_l                                0x00000000   Number         0  stubs.o ABSOLUTE
    _printf_lc                               0x00000000   Number         0  stubs.o ABSOLUTE
    _printf_ll                               0x00000000   Number         0  stubs.o ABSOLUTE
    _printf_lld                              0x00000000   Number         0  stubs.o ABSOLUTE
    _printf_lli                              0x00000000   Number         0  stubs.o ABSOLUTE
    _printf_llo                              0x00000000   Number         0  stubs.o ABSOLUTE
    _printf_llu                              0x00000000   Number         0  stubs.o ABSOLUTE
    _printf_llx                              0x00000000   Number         0  stubs.o ABSOLUTE
    _printf_longlong_dec                     0x00000000   Number         0  stubs.o ABSOLUTE
    _printf_longlong_hex                     0x00000000   Number         0  stubs.o ABSOLUTE
    _printf_longlong_oct                     0x00000000   Number         0  stubs.o ABSOLUTE
    _printf_ls                               0x00000000   Number         0  stubs.o ABSOLUTE
    _printf_mbtowc                           0x00000000   Number         0  stubs.o ABSOLUTE
    _printf_n                                0x00000000   Number         0  stubs.o ABSOLUTE
    _printf_o                                0x00000000   Number         0  stubs.o ABSOLUTE
    _printf_p                                0x00000000   Number         0  stubs.o ABSOLUTE
    _printf_percent                          0x00000000   Number         0  stubs.o ABSOLUTE
    _printf_pre_padding                      0x00000000   Number         0  stubs.o ABSOLUTE
    _printf_return_value                     0x00000000   Number         0  stubs.o ABSOLUTE
    _printf_s                                0x00000000   Number         0  stubs.o ABSOLUTE
    _printf_sizespec                         0x00000000   Number         0  stubs.o ABSOLUTE
    _printf_str                              0x00000000   Number         0  stubs.o ABSOLUTE
    _printf_truncate_signed                  0x00000000   Number         0  stubs.o ABSOLUTE
    _printf_truncate_unsigned                0x00000000   Number         0  stubs.o ABSOLUTE
    _printf_u                                0x00000000   Number         0  stubs.o ABSOLUTE
    _printf_wc                               0x00000000   Number         0  stubs.o ABSOLUTE
    _printf_wctomb                           0x00000000   Number         0  stubs.o ABSOLUTE
    _printf_widthprec                        0x00000000   Number         0  stubs.o ABSOLUTE
    _printf_x                                0x00000000   Number         0  stubs.o ABSOLUTE
    __arm_fini_                               - Undefined Weak Reference
    __cpp_initialize__aeabi_                  - Undefined Weak Reference
    __cxa_finalize                            - Undefined Weak Reference
    __decompress                              - Undefined Weak Reference
    _clock_init                               - Undefined Weak Reference
    _microlib_exit                            - Undefined Weak Reference
    __main                                   0x000000c1   Thumb Code     0  entry.o(.ARM.Collect$$$$00000000)
    _main_stk                                0x000000c1   Thumb Code     0  entry2.o(.ARM.Collect$$$$00000001)
    _main_scatterload                        0x000000c5   Thumb Code     0  entry5.o(.ARM.Collect$$$$00000004)
    __main_after_scatterload                 0x000000c9   Thumb Code     0  entry5.o(.ARM.Collect$$$$00000004)
    _main_clock                              0x000000c9   Thumb Code     0  entry7b.o(.ARM.Collect$$$$00000008)
    _main_cpp_init                           0x000000c9   Thumb Code     0  entry8b.o(.ARM.Collect$$$$0000000A)
    _main_init                               0x000000c9   Thumb Code     0  entry9a.o(.ARM.Collect$$$$0000000B)
    __rt_lib_shutdown_fini                   0x000000d1   Thumb Code     0  entry12b.o(.ARM.Collect$$$$0000000E)
    __rt_final_cpp                           0x000000d5   Thumb Code     0  entry10a.o(.ARM.Collect$$$$0000000F)
    __rt_final_exit                          0x000000d5   Thumb Code     0  entry11a.o(.ARM.Collect$$$$00000011)
    HardFault_Handler                        0x000000d9   Thumb Code    60  retarget.o(.emb_text)
    SH_DoCommand                             0x0000011d   Thumb Code    18  retarget.o(.emb_text)
    SystemCoreClockUpdate                    0x00000131   Thumb Code    56  system_nuc029fae.o(.text)
    Reset_Handler                            0x00000181   Thumb Code     4  startup_nuc029fae.o(.text)
    NMI_Handler                              0x00000185   Thumb Code     2  startup_nuc029fae.o(.text)
    SVC_Handler                              0x00000189   Thumb Code     2  startup_nuc029fae.o(.text)
    PendSV_Handler                           0x0000018b   Thumb Code     2  startup_nuc029fae.o(.text)
    SysTick_Handler                          0x0000018d   Thumb Code     2  startup_nuc029fae.o(.text)
    ACMP_IRQHandler                          0x0000018f   Thumb Code     0  startup_nuc029fae.o(.text)
    ADC_IRQHandler                           0x0000018f   Thumb Code     0  startup_nuc029fae.o(.text)
    BOD_IRQHandler                           0x0000018f   Thumb Code     0  startup_nuc029fae.o(.text)
    EINT0_IRQHandler                         0x0000018f   Thumb Code     0  startup_nuc029fae.o(.text)
    EINT1_IRQHandler                         0x0000018f   Thumb Code     0  startup_nuc029fae.o(.text)
    FB_IRQHandler                            0x0000018f   Thumb Code     0  startup_nuc029fae.o(.text)
    GPIO01_IRQHandler                        0x0000018f   Thumb Code     0  startup_nuc029fae.o(.text)
    GPIO234_IRQHandler                       0x0000018f   Thumb Code     0  startup_nuc029fae.o(.text)
    GPIO5_IRQHandler                         0x0000018f   Thumb Code     0  startup_nuc029fae.o(.text)
    HIRC_IRQHandler                          0x0000018f   Thumb Code     0  startup_nuc029fae.o(.text)
    I2C_IRQHandler                           0x0000018f   Thumb Code     0  startup_nuc029fae.o(.text)
    PDWU_IRQHandler                          0x0000018f   Thumb Code     0  startup_nuc029fae.o(.text)
    PWM_IRQHandler                           0x0000018f   Thumb Code     0  startup_nuc029fae.o(.text)
    SPI_IRQHandler                           0x0000018f   Thumb Code     0  startup_nuc029fae.o(.text)
    TMR0_IRQHandler                          0x0000018f   Thumb Code     0  startup_nuc029fae.o(.text)
    TMR1_IRQHandler                          0x0000018f   Thumb Code     0  startup_nuc029fae.o(.text)
    WDT_IRQHandler                           0x0000018f   Thumb Code     0  startup_nuc029fae.o(.text)
    stackDump                                0x00000195   Thumb Code    70  retarget.o(.text)
    Hard_Fault_Handler                       0x000001db   Thumb Code    16  retarget.o(.text)
    SendChar                                 0x000001eb   Thumb Code    62  retarget.o(.text)
    fputc                                    0x00000229   Thumb Code    12  retarget.o(.text)
    UART_DisableInt                          0x000002b5   Thumb Code     8  uart.o(.text)
    UART_Open                                0x000002bd   Thumb Code    86  uart.o(.text)
    CLK_WaitClockReady                       0x00000321   Thumb Code    36  clk.o(.text)
    SYS_LockReg                              0x00000349   Thumb Code     8  sys.o(.text)
    SYS_UnlockReg                            0x00000351   Thumb Code    26  sys.o(.text)
    _settings                                0x00000371   Thumb Code    34  mycar.o(.text)
    DETACH_UART                              0x00000393   Thumb Code    28  mycar.o(.text)
    CAR_MOVING                               0x000003af   Thumb Code   244  mycar.o(.text)
    UART_IRQHandler                          0x000004a3   Thumb Code     2  mycar.o(.text)
    ATTACH_UART                              0x000004a5   Thumb Code    22  mycar.o(.text)
    CAR_MANUEL                               0x000004bb   Thumb Code   104  mycar.o(.text)
    SYS_Init                                 0x0000055d   Thumb Code    70  mymain.o(.text)
    UART_Init                                0x000005a3   Thumb Code    80  mymain.o(.text)
    PWM_ConfigOutputChannel                  0x00000609   Thumb Code   232  pwm.o(.text)
    PWM_Start                                0x000006f1   Thumb Code    40  pwm.o(.text)
    PWM_Stop                                 0x00000719   Thumb Code    32  pwm.o(.text)
    PWM_EnableOutput                         0x00000739   Thumb Code    12  pwm.o(.text)
    GPIO_SetMode                             0x00000751   Thumb Code    40  gpio.o(.text)
    main                                     0x00000779   Thumb Code    14  main.o(.text)
    __aeabi_uidiv                            0x00000787   Thumb Code     0  uidiv.o(.text)
    __aeabi_uidivmod                         0x00000787   Thumb Code    44  uidiv.o(.text)
    __aeabi_uldivmod                         0x000007b3   Thumb Code    96  uldiv.o(.text)
    __scatterload                            0x00000815   Thumb Code    28  init.o(.text)
    __scatterload_rt2                        0x00000815   Thumb Code     0  init.o(.text)
    __aeabi_llsl                             0x00000839   Thumb Code    32  llshl.o(.text)
    _ll_shift_l                              0x00000839   Thumb Code     0  llshl.o(.text)
    __aeabi_llsr                             0x00000859   Thumb Code    34  llushr.o(.text)
    _ll_ushift_r                             0x00000859   Thumb Code     0  llushr.o(.text)
    __0printf$5                              0x0000087d   Thumb Code    24  printf5.o(i.__0printf$5)
    __1printf$5                              0x0000087d   Thumb Code     0  printf5.o(i.__0printf$5)
    __2printf                                0x0000087d   Thumb Code     0  printf5.o(i.__0printf$5)
    __ARM_common_switch8                     0x0000089d   Thumb Code    26  mycar.o(i.__ARM_common_switch8)
    __scatterload_copy                       0x000008b7   Thumb Code    14  handlers.o(i.__scatterload_copy)
    __scatterload_null                       0x000008c5   Thumb Code     2  handlers.o(i.__scatterload_null)
    __scatterload_zeroinit                   0x000008c7   Thumb Code    14  handlers.o(i.__scatterload_zeroinit)
    Region$$Table$$Base                      0x00000bc8   Number         0  anon$$obj.o(Region$$Table)
    Region$$Table$$Limit                     0x00000be8   Number         0  anon$$obj.o(Region$$Table)
    SystemCoreClock                          0x20000000   Data           4  system_nuc029fae.o(.data)
    CyclesPerUs                              0x20000004   Data           4  system_nuc029fae.o(.data)
    __stdout                                 0x2000000c   Data           4  retarget.o(.data)
    car_setting                              0x20000010   Data           4  mycar.o(.data)
    car_setting_manuel                       0x20000014   Data           4  mycar.o(.data)
    __initial_sp                             0x20000228   Data           0  startup_nuc029fae.o(STACK)



==============================================================================

Memory Map of the image

  Image Entry point : 0x00000181

  Load Region LR_1 (Base: 0x00000000, Size: 0x00000c00, Max: 0xffffffff, ABSOLUTE)

    Execution Region ER_RO (Exec base: 0x00000000, Load base: 0x00000000, Size: 0x00000be8, Max: 0xffffffff, ABSOLUTE)

    Exec Addr    Load Addr    Size         Type   Attr      Idx    E Section Name        Object

    0x00000000   0x00000000   0x000000c0   Data   RO           87    RESET               startup_nuc029fae.o
    0x000000c0   0x000000c0   0x00000000   Code   RO          751  * .ARM.Collect$$$$00000000  mc_p.l(entry.o)
    0x000000c0   0x000000c0   0x00000004   Code   RO         1015    .ARM.Collect$$$$00000001  mc_p.l(entry2.o)
    0x000000c4   0x000000c4   0x00000004   Code   RO         1018    .ARM.Collect$$$$00000004  mc_p.l(entry5.o)
    0x000000c8   0x000000c8   0x00000000   Code   RO         1020    .ARM.Collect$$$$00000008  mc_p.l(entry7b.o)
    0x000000c8   0x000000c8   0x00000000   Code   RO         1022    .ARM.Collect$$$$0000000A  mc_p.l(entry8b.o)
    0x000000c8   0x000000c8   0x00000008   Code   RO         1023    .ARM.Collect$$$$0000000B  mc_p.l(entry9a.o)
    0x000000d0   0x000000d0   0x00000004   Code   RO         1030    .ARM.Collect$$$$0000000E  mc_p.l(entry12b.o)
    0x000000d4   0x000000d4   0x00000000   Code   RO         1025    .ARM.Collect$$$$0000000F  mc_p.l(entry10a.o)
    0x000000d4   0x000000d4   0x00000000   Code   RO         1027    .ARM.Collect$$$$00000011  mc_p.l(entry11a.o)
    0x000000d4   0x000000d4   0x00000004   Code   RO         1016    .ARM.Collect$$$$00002712  mc_p.l(entry2.o)
    0x000000d8   0x000000d8   0x00000056   Code   RO           94    .emb_text           retarget.o
    0x0000012e   0x0000012e   0x00000002   PAD
    0x00000130   0x00000130   0x00000050   Code   RO            3    .text               system_nuc029fae.o
    0x00000180   0x00000180   0x00000014   Code   RO           88  * .text               startup_nuc029fae.o
    0x00000194   0x00000194   0x00000120   Code   RO           95    .text               retarget.o
    0x000002b4   0x000002b4   0x0000006c   Code   RO          198    .text               uart.o
    0x00000320   0x00000320   0x00000028   Code   RO          302    .text               clk.o
    0x00000348   0x00000348   0x00000028   Code   RO          406    .text               sys.o
    0x00000370   0x00000370   0x000001ec   Code   RO          482    .text               mycar.o
    0x0000055c   0x0000055c   0x000000ac   Code   RO          521    .text               mymain.o
    0x00000608   0x00000608   0x00000148   Code   RO          545    .text               pwm.o
    0x00000750   0x00000750   0x00000028   Code   RO          697    .text               gpio.o
    0x00000778   0x00000778   0x0000000e   Code   RO          729    .text               main.o
    0x00000786   0x00000786   0x0000002c   Code   RO          752    .text               mc_p.l(uidiv.o)
    0x000007b2   0x000007b2   0x00000060   Code   RO         1031    .text               mc_p.l(uldiv.o)
    0x00000812   0x00000812   0x00000002   PAD
    0x00000814   0x00000814   0x00000024   Code   RO         1044    .text               mc_p.l(init.o)
    0x00000838   0x00000838   0x00000020   Code   RO         1046    .text               mc_p.l(llshl.o)
    0x00000858   0x00000858   0x00000022   Code   RO         1048    .text               mc_p.l(llushr.o)
    0x0000087a   0x0000087a   0x00000002   PAD
    0x0000087c   0x0000087c   0x00000020   Code   RO          887    i.__0printf$5       mc_p.l(printf5.o)
    0x0000089c   0x0000089c   0x0000001a   Code   RO          500    i.__ARM_common_switch8  mycar.o
    0x000008b6   0x000008b6   0x0000000e   Code   RO         1058    i.__scatterload_copy  mc_p.l(handlers.o)
    0x000008c4   0x000008c4   0x00000002   Code   RO         1059    i.__scatterload_null  mc_p.l(handlers.o)
    0x000008c6   0x000008c6   0x0000000e   Code   RO         1060    i.__scatterload_zeroinit  mc_p.l(handlers.o)
    0x000008d4   0x000008d4   0x000002d4   Code   RO          894    i._printf_core      mc_p.l(printf5.o)
    0x00000ba8   0x00000ba8   0x00000020   Data   RO          207    .constdata          uart.o
    0x00000bc8   0x00000bc8   0x00000020   Data   RO         1056    Region$$Table       anon$$obj.o


    Execution Region ER_RW (Exec base: 0x20000000, Load base: 0x00000be8, Size: 0x00000018, Max: 0xffffffff, ABSOLUTE)

    Exec Addr    Load Addr    Size         Type   Attr      Idx    E Section Name        Object

    0x20000000   0x00000be8   0x00000008   Data   RW            4    .data               system_nuc029fae.o
    0x20000008   0x00000bf0   0x00000001   Data   RW          105    .data               retarget.o
    0x20000009   0x00000bf1   0x00000003   PAD
    0x2000000c   0x00000bf4   0x00000004   Data   RW          106    .data               retarget.o
    0x20000010   0x00000bf8   0x00000008   Data   RW          483    .data               mycar.o


    Execution Region ER_ZI (Exec base: 0x20000018, Load base: 0x00000c00, Size: 0x00000210, Max: 0xffffffff, ABSOLUTE)

    Exec Addr    Load Addr    Size         Type   Attr      Idx    E Section Name        Object

    0x20000018        -       0x00000010   Zero   RW          104    .bss                retarget.o
    0x20000028        -       0x00000200   Zero   RW           85    STACK               startup_nuc029fae.o


==============================================================================

Image component sizes


      Code (inc. data)   RO Data    RW Data    ZI Data      Debug   Object Name

        40          4          0          0          0        701   clk.o
        40          0          0          0          0       1183   gpio.o
        14          0          0          0          0        431   main.o
       518         66          0          8          0       9749   mycar.o
       172         22          0          0          0        677   mymain.o
       328         12          0          0          0       2574   pwm.o
       374        138          0          5         16      58087   retarget.o
        20          4        192          0        512        724   startup_nuc029fae.o
        40          6          0          0          0        656   sys.o
        80         24          0          8          0      59626   system_nuc029fae.o
       108         14         32          0          0       1568   uart.o

    ----------------------------------------------------------------------
      1736        290        256         24        528     135976   Object Totals
         0          0         32          0          0          0   (incl. Generated)
         2          0          0          3          0          0   (incl. Padding)

    ----------------------------------------------------------------------

      Code (inc. data)   RO Data    RW Data    ZI Data      Debug   Library Member Name

         0          0          0          0          0          0   entry.o
         0          0          0          0          0          0   entry10a.o
         0          0          0          0          0          0   entry11a.o
         4          0          0          0          0          0   entry12b.o
         8          4          0          0          0          0   entry2.o
         4          0          0          0          0          0   entry5.o
         0          0          0          0          0          0   entry7b.o
         0          0          0          0          0          0   entry8b.o
         8          4          0          0          0          0   entry9a.o
        30          0          0          0          0          0   handlers.o
        36          8          0          0          0         68   init.o
        32          0          0          0          0         68   llshl.o
        34          0          0          0          0         68   llushr.o
       756         52          0          0          0        168   printf5.o
        44          0          0          0          0         72   uidiv.o
        96          0          0          0          0         84   uldiv.o

    ----------------------------------------------------------------------
      1056         68          0          0          0        528   Library Totals
         4          0          0          0          0          0   (incl. Padding)

    ----------------------------------------------------------------------

      Code (inc. data)   RO Data    RW Data    ZI Data      Debug   Library Name

      1052         68          0          0          0        528   mc_p.l

    ----------------------------------------------------------------------
      1056         68          0          0          0        528   Library Totals

    ----------------------------------------------------------------------

==============================================================================


      Code (inc. data)   RO Data    RW Data    ZI Data      Debug   

      2792        358        256         24        528     135768   Grand Totals
      2792        358        256         24        528     135768   ELF Image Totals
      2792        358        256         24          0          0   ROM Totals

==============================================================================

    Total RO  Size (Code + RO Data)                 3048 (   2.98kB)
    Total RW  Size (RW Data + ZI Data)               552 (   0.54kB)
    Total ROM Size (Code + RO Data + RW Data)       3072 (   3.00kB)

==============================================================================

