<html>
<body>
<pre>
<h1>µVision Build Log</h1>
<h2>Tool Versions:</h2>
IDE-Version: µVision V5.38.0.0
Copyright (C) 2022 ARM Ltd and ARM Germany GmbH. All rights reserved.
License Information: murat çsurlý, murat, LIC=KRMW3-AHJN6-CXEU6-DVZTE-KLD2X-J1CUV
 
Tool Versions:
Toolchain:       MDK-ARM Plus  Version: 5.38.0.0
Toolchain Path:  C:\Keil_v5\ARM\Arm_Compiler_5.06u7\Bin
C Compiler:      Armcc.exe V5.06 update 7 (build 960)
Assembler:       Armasm.exe V5.06 update 7 (build 960)
Linker/Locator:  ArmLink.exe V5.06 update 7 (build 960)
Library Manager: ArmAr.exe V5.06 update 7 (build 960)
Hex Converter:   FromElf.exe V5.06 update 7 (build 960)
CPU DLL:         SARMCM3.DLL V5.38.0.0
Dialog DLL:      DARMCM1.DLL V1.19.6.0
Target DLL:      NULink\Nu_Link.dll V3.09
Dialog DLL:      TARMCM1.DLL V1.14.6.0
 
<h2>Project:</h2>
C:\Users\Capta\OneDrive\Masaüstü\akülü araba\SampleCode\StdDriver\akulu_araba\KEIL\akulu_araba.uvproj
Project File Date:  08/10/2023

<h2>Output:</h2>
*** Using Compiler 'V5.06 update 7 (build 960)', folder: 'C:\Keil_v5\ARM\Arm_Compiler_5.06u7\Bin'
Build target 'UART_TxRx_Function'
Clean started - Project: 'akulu_araba'
   deleting intermediate output files for target 'UART_TxRx_Function'
Clean done
creating preprocessor file for system_NUC029FAE.c...
compiling system_NUC029FAE.c...
assembling startup_NUC029FAE.s...
creating preprocessor file for retarget.c...
compiling retarget.c...
creating preprocessor file for uart.c...
compiling uart.c...
creating preprocessor file for clk.c...
compiling clk.c...
creating preprocessor file for sys.c...
compiling sys.c...
creating preprocessor file for mycar.c...
compiling mycar.c...
creating preprocessor file for mymain.c...
compiling mymain.c...
creating preprocessor file for pwm.c...
compiling pwm.c...
creating preprocessor file for gpio.c...
compiling gpio.c...
creating preprocessor file for main.c...
compiling main.c...
linking...
Program Size: Code=4348 RO-data=256 RW-data=24 ZI-data=528  
".\obj\UART.axf" - 0 Error(s), 0 Warning(s).

*** Performing Cross-Module-Optimization:
compiling system_NUC029FAE.c...
compiling retarget.c...
compiling uart.c...
compiling clk.c...
compiling sys.c...
compiling mycar.c...
compiling mymain.c...
compiling pwm.c...
compiling gpio.c...
compiling main.c...
linking...
Program Size: Code=2792 RO-data=256 RW-data=24 ZI-data=528  
compiling system_NUC029FAE.c...
compiling retarget.c...
compiling uart.c...
compiling clk.c...
compiling sys.c...
compiling mycar.c...
compiling mymain.c...
compiling pwm.c...
compiling gpio.c...
compiling main.c...
linking...
Program Size: Code=2792 RO-data=256 RW-data=24 ZI-data=528  
FromELF: creating hex file...
After Build - User command #1: fromelf --bin ".\obj\UART.axf" --output ".\obj\UART.bin"
After Build - User command #2: fromelf --text -c ".\obj\UART.axf" --output ".\obj\UART.txt"
".\obj\UART.axf" - 0 Error(s), 0 Warning(s).
*** Completed Cross-Module-Optimization after 3 iteration(s).
Build Time Elapsed:  00:00:06
</pre>
</body>
</html>
