<!doctype html public "-//w3c//dtd html 4.0 transitional//en">
<html><head>
<title>Static Call Graph - [.\obj\UART.axf]</title></head>
<body><HR>
<H1>Static Call Graph for image .\obj\UART.axf</H1><HR>
<BR><P>#&#060CALLGRAPH&#062# ARM Linker, 5060960: Last Updated: Sun Aug 13 14:25:22 2023
<BR><P>
<H3>Maximum Stack Usage =         84 bytes + Unknown(Cycles, Untraceable Function Pointers)</H3><H3>
Call chain for Maximum Stack Depth:</H3>
UART_IRQHandler &rArr; CAR_MOVING &rArr; PWM_ConfigOutputChannel &rArr; __aeabi_uidivmod
<P>
<H3>
Mutually Recursive functions
</H3> <LI><a href="#[1]">NMI_Handler</a>&nbsp;&nbsp;&nbsp;&rArr;&nbsp;&nbsp;&nbsp;<a href="#[1]">NMI_Handler</a><BR>
 <LI><a href="#[3]">SVC_Handler</a>&nbsp;&nbsp;&nbsp;&rArr;&nbsp;&nbsp;&nbsp;<a href="#[3]">SVC_Handler</a><BR>
 <LI><a href="#[4]">PendSV_Handler</a>&nbsp;&nbsp;&nbsp;&rArr;&nbsp;&nbsp;&nbsp;<a href="#[4]">PendSV_Handler</a><BR>
 <LI><a href="#[5]">SysTick_Handler</a>&nbsp;&nbsp;&nbsp;&rArr;&nbsp;&nbsp;&nbsp;<a href="#[5]">SysTick_Handler</a><BR>
 <LI><a href="#[10]">Default_Handler</a>&nbsp;&nbsp;&nbsp;&rArr;&nbsp;&nbsp;&nbsp;<a href="#[10]">Default_Handler</a><BR>
</UL>
<P>
<H3>
Function Pointers
</H3><UL>
 <LI><a href="#[16]">ACMP_IRQHandler</a> from startup_nuc029fae.o(.text) referenced from startup_nuc029fae.o(RESET)
 <LI><a href="#[18]">ADC_IRQHandler</a> from startup_nuc029fae.o(.text) referenced from startup_nuc029fae.o(RESET)
 <LI><a href="#[6]">BOD_IRQHandler</a> from startup_nuc029fae.o(.text) referenced from startup_nuc029fae.o(RESET)
 <LI><a href="#[10]">Default_Handler</a> from startup_nuc029fae.o(.text) referenced 14 times from startup_nuc029fae.o(RESET)
 <LI><a href="#[8]">EINT0_IRQHandler</a> from startup_nuc029fae.o(.text) referenced from startup_nuc029fae.o(RESET)
 <LI><a href="#[9]">EINT1_IRQHandler</a> from startup_nuc029fae.o(.text) referenced from startup_nuc029fae.o(RESET)
 <LI><a href="#[d]">FB_IRQHandler</a> from startup_nuc029fae.o(.text) referenced from startup_nuc029fae.o(RESET)
 <LI><a href="#[a]">GPIO01_IRQHandler</a> from startup_nuc029fae.o(.text) referenced from startup_nuc029fae.o(RESET)
 <LI><a href="#[b]">GPIO234_IRQHandler</a> from startup_nuc029fae.o(.text) referenced from startup_nuc029fae.o(RESET)
 <LI><a href="#[13]">GPIO5_IRQHandler</a> from startup_nuc029fae.o(.text) referenced from startup_nuc029fae.o(RESET)
 <LI><a href="#[14]">HIRC_IRQHandler</a> from startup_nuc029fae.o(.text) referenced from startup_nuc029fae.o(RESET)
 <LI><a href="#[2]">HardFault_Handler</a> from retarget.o(.emb_text) referenced from startup_nuc029fae.o(RESET)
 <LI><a href="#[1a]">Hard_Fault_Handler</a> from retarget.o(.text) referenced from retarget.o(.emb_text)
 <LI><a href="#[15]">I2C_IRQHandler</a> from startup_nuc029fae.o(.text) referenced from startup_nuc029fae.o(RESET)
 <LI><a href="#[1]">NMI_Handler</a> from startup_nuc029fae.o(.text) referenced from startup_nuc029fae.o(RESET)
 <LI><a href="#[17]">PDWU_IRQHandler</a> from startup_nuc029fae.o(.text) referenced from startup_nuc029fae.o(RESET)
 <LI><a href="#[c]">PWM_IRQHandler</a> from startup_nuc029fae.o(.text) referenced from startup_nuc029fae.o(RESET)
 <LI><a href="#[4]">PendSV_Handler</a> from startup_nuc029fae.o(.text) referenced from startup_nuc029fae.o(RESET)
 <LI><a href="#[1d]">Reset_Handler</a> from startup_nuc029fae.o(.text) referenced from startup_nuc029fae.o(RESET)
 <LI><a href="#[12]">SPI_IRQHandler</a> from startup_nuc029fae.o(.text) referenced from startup_nuc029fae.o(RESET)
 <LI><a href="#[3]">SVC_Handler</a> from startup_nuc029fae.o(.text) referenced from startup_nuc029fae.o(RESET)
 <LI><a href="#[5]">SysTick_Handler</a> from startup_nuc029fae.o(.text) referenced from startup_nuc029fae.o(RESET)
 <LI><a href="#[e]">TMR0_IRQHandler</a> from startup_nuc029fae.o(.text) referenced from startup_nuc029fae.o(RESET)
 <LI><a href="#[f]">TMR1_IRQHandler</a> from startup_nuc029fae.o(.text) referenced from startup_nuc029fae.o(RESET)
 <LI><a href="#[11]">UART_IRQHandler</a> from mycar.o(.text) referenced from startup_nuc029fae.o(RESET)
 <LI><a href="#[7]">WDT_IRQHandler</a> from startup_nuc029fae.o(.text) referenced from startup_nuc029fae.o(RESET)
 <LI><a href="#[1b]">__main</a> from entry.o(.ARM.Collect$$$$00000000) referenced from startup_nuc029fae.o(.text)
 <LI><a href="#[1c]">fputc</a> from retarget.o(.text) referenced from printf5.o(i.__0printf$5)
 <LI><a href="#[19]">main</a> from main.o(.text) referenced from entry9a.o(.ARM.Collect$$$$0000000B)
</UL>
<P>
<H3>
Global Symbols
</H3>
<P><STRONG><a name="[1b]"></a>__main</STRONG> (Thumb, 0 bytes, Stack size unknown bytes, entry.o(.ARM.Collect$$$$00000000))
<BR>[Address Reference Count : 1]<UL><LI> startup_nuc029fae.o(.text)
</UL>
<P><STRONG><a name="[40]"></a>_main_stk</STRONG> (Thumb, 0 bytes, Stack size unknown bytes, entry2.o(.ARM.Collect$$$$00000001))

<P><STRONG><a name="[20]"></a>_main_scatterload</STRONG> (Thumb, 0 bytes, Stack size unknown bytes, entry5.o(.ARM.Collect$$$$00000004))
<BR><BR>[Calls]<UL><LI><a href="#[21]">&gt;&gt;</a>&nbsp;&nbsp;&nbsp;__scatterload
</UL>

<P><STRONG><a name="[3d]"></a>__main_after_scatterload</STRONG> (Thumb, 0 bytes, Stack size unknown bytes, entry5.o(.ARM.Collect$$$$00000004))
<BR><BR>[Called By]<UL><LI><a href="#[21]">&gt;&gt;</a>&nbsp;&nbsp;&nbsp;__scatterload
</UL>

<P><STRONG><a name="[41]"></a>_main_clock</STRONG> (Thumb, 0 bytes, Stack size unknown bytes, entry7b.o(.ARM.Collect$$$$00000008))

<P><STRONG><a name="[42]"></a>_main_cpp_init</STRONG> (Thumb, 0 bytes, Stack size unknown bytes, entry8b.o(.ARM.Collect$$$$0000000A))

<P><STRONG><a name="[43]"></a>_main_init</STRONG> (Thumb, 0 bytes, Stack size unknown bytes, entry9a.o(.ARM.Collect$$$$0000000B))

<P><STRONG><a name="[22]"></a>__rt_lib_shutdown_fini</STRONG> (Thumb, 0 bytes, Stack size unknown bytes, entry12b.o(.ARM.Collect$$$$0000000E))
<BR><BR>[Calls]<UL><LI><a href="#[23]">&gt;&gt;</a>&nbsp;&nbsp;&nbsp;__arm_fini_ (Weak Reference)
</UL>

<P><STRONG><a name="[44]"></a>__rt_final_cpp</STRONG> (Thumb, 0 bytes, Stack size unknown bytes, entry10a.o(.ARM.Collect$$$$0000000F))

<P><STRONG><a name="[45]"></a>__rt_final_exit</STRONG> (Thumb, 0 bytes, Stack size unknown bytes, entry11a.o(.ARM.Collect$$$$00000011))

<P><STRONG><a name="[2]"></a>HardFault_Handler</STRONG> (Thumb, 60 bytes, Stack size 0 bytes, retarget.o(.emb_text))
<BR>[Address Reference Count : 1]<UL><LI> startup_nuc029fae.o(RESET)
</UL>
<P><STRONG><a name="[27]"></a>SH_DoCommand</STRONG> (Thumb, 18 bytes, Stack size 0 bytes, retarget.o(.emb_text))
<BR><BR>[Called By]<UL><LI><a href="#[1f]">&gt;&gt;</a>&nbsp;&nbsp;&nbsp;SendChar
</UL>

<P><STRONG><a name="[24]"></a>SystemCoreClockUpdate</STRONG> (Thumb, 56 bytes, Stack size 8 bytes, system_nuc029fae.o(.text))
<BR><BR>[Stack]<UL><LI>Max Depth = 20<LI>Call Chain = SystemCoreClockUpdate &rArr; __aeabi_uidivmod
</UL>
<BR>[Calls]<UL><LI><a href="#[25]">&gt;&gt;</a>&nbsp;&nbsp;&nbsp;__aeabi_uidivmod
</UL>
<BR>[Called By]<UL><LI><a href="#[33]">&gt;&gt;</a>&nbsp;&nbsp;&nbsp;SYS_Init
</UL>

<P><STRONG><a name="[1d]"></a>Reset_Handler</STRONG> (Thumb, 4 bytes, Stack size 0 bytes, startup_nuc029fae.o(.text))

<P><STRONG><a name="[1]"></a>NMI_Handler</STRONG> (Thumb, 2 bytes, Stack size 0 bytes, startup_nuc029fae.o(.text))
<BR><BR>[Calls]<UL><LI><a href="#[1]">&gt;&gt;</a>&nbsp;&nbsp;&nbsp;NMI_Handler
</UL>
<BR>[Called By]<UL><LI><a href="#[1]">&gt;&gt;</a>&nbsp;&nbsp;&nbsp;NMI_Handler
</UL>
<BR>[Address Reference Count : 1]<UL><LI> startup_nuc029fae.o(RESET)
</UL>
<P><STRONG><a name="[3]"></a>SVC_Handler</STRONG> (Thumb, 2 bytes, Stack size 0 bytes, startup_nuc029fae.o(.text))
<BR><BR>[Calls]<UL><LI><a href="#[3]">&gt;&gt;</a>&nbsp;&nbsp;&nbsp;SVC_Handler
</UL>
<BR>[Called By]<UL><LI><a href="#[3]">&gt;&gt;</a>&nbsp;&nbsp;&nbsp;SVC_Handler
</UL>
<BR>[Address Reference Count : 1]<UL><LI> startup_nuc029fae.o(RESET)
</UL>
<P><STRONG><a name="[4]"></a>PendSV_Handler</STRONG> (Thumb, 2 bytes, Stack size 0 bytes, startup_nuc029fae.o(.text))
<BR><BR>[Calls]<UL><LI><a href="#[4]">&gt;&gt;</a>&nbsp;&nbsp;&nbsp;PendSV_Handler
</UL>
<BR>[Called By]<UL><LI><a href="#[4]">&gt;&gt;</a>&nbsp;&nbsp;&nbsp;PendSV_Handler
</UL>
<BR>[Address Reference Count : 1]<UL><LI> startup_nuc029fae.o(RESET)
</UL>
<P><STRONG><a name="[5]"></a>SysTick_Handler</STRONG> (Thumb, 2 bytes, Stack size 0 bytes, startup_nuc029fae.o(.text))
<BR><BR>[Calls]<UL><LI><a href="#[5]">&gt;&gt;</a>&nbsp;&nbsp;&nbsp;SysTick_Handler
</UL>
<BR>[Called By]<UL><LI><a href="#[5]">&gt;&gt;</a>&nbsp;&nbsp;&nbsp;SysTick_Handler
</UL>
<BR>[Address Reference Count : 1]<UL><LI> startup_nuc029fae.o(RESET)
</UL>
<P><STRONG><a name="[16]"></a>ACMP_IRQHandler</STRONG> (Thumb, 0 bytes, Stack size 0 bytes, startup_nuc029fae.o(.text))
<BR>[Address Reference Count : 1]<UL><LI> startup_nuc029fae.o(RESET)
</UL>
<P><STRONG><a name="[18]"></a>ADC_IRQHandler</STRONG> (Thumb, 0 bytes, Stack size 0 bytes, startup_nuc029fae.o(.text))
<BR>[Address Reference Count : 1]<UL><LI> startup_nuc029fae.o(RESET)
</UL>
<P><STRONG><a name="[6]"></a>BOD_IRQHandler</STRONG> (Thumb, 0 bytes, Stack size 0 bytes, startup_nuc029fae.o(.text))
<BR>[Address Reference Count : 1]<UL><LI> startup_nuc029fae.o(RESET)
</UL>
<P><STRONG><a name="[8]"></a>EINT0_IRQHandler</STRONG> (Thumb, 0 bytes, Stack size 0 bytes, startup_nuc029fae.o(.text))
<BR>[Address Reference Count : 1]<UL><LI> startup_nuc029fae.o(RESET)
</UL>
<P><STRONG><a name="[9]"></a>EINT1_IRQHandler</STRONG> (Thumb, 0 bytes, Stack size 0 bytes, startup_nuc029fae.o(.text))
<BR>[Address Reference Count : 1]<UL><LI> startup_nuc029fae.o(RESET)
</UL>
<P><STRONG><a name="[d]"></a>FB_IRQHandler</STRONG> (Thumb, 0 bytes, Stack size 0 bytes, startup_nuc029fae.o(.text))
<BR>[Address Reference Count : 1]<UL><LI> startup_nuc029fae.o(RESET)
</UL>
<P><STRONG><a name="[a]"></a>GPIO01_IRQHandler</STRONG> (Thumb, 0 bytes, Stack size 0 bytes, startup_nuc029fae.o(.text))
<BR>[Address Reference Count : 1]<UL><LI> startup_nuc029fae.o(RESET)
</UL>
<P><STRONG><a name="[b]"></a>GPIO234_IRQHandler</STRONG> (Thumb, 0 bytes, Stack size 0 bytes, startup_nuc029fae.o(.text))
<BR>[Address Reference Count : 1]<UL><LI> startup_nuc029fae.o(RESET)
</UL>
<P><STRONG><a name="[13]"></a>GPIO5_IRQHandler</STRONG> (Thumb, 0 bytes, Stack size 0 bytes, startup_nuc029fae.o(.text))
<BR>[Address Reference Count : 1]<UL><LI> startup_nuc029fae.o(RESET)
</UL>
<P><STRONG><a name="[14]"></a>HIRC_IRQHandler</STRONG> (Thumb, 0 bytes, Stack size 0 bytes, startup_nuc029fae.o(.text))
<BR>[Address Reference Count : 1]<UL><LI> startup_nuc029fae.o(RESET)
</UL>
<P><STRONG><a name="[15]"></a>I2C_IRQHandler</STRONG> (Thumb, 0 bytes, Stack size 0 bytes, startup_nuc029fae.o(.text))
<BR>[Address Reference Count : 1]<UL><LI> startup_nuc029fae.o(RESET)
</UL>
<P><STRONG><a name="[17]"></a>PDWU_IRQHandler</STRONG> (Thumb, 0 bytes, Stack size 0 bytes, startup_nuc029fae.o(.text))
<BR>[Address Reference Count : 1]<UL><LI> startup_nuc029fae.o(RESET)
</UL>
<P><STRONG><a name="[c]"></a>PWM_IRQHandler</STRONG> (Thumb, 0 bytes, Stack size 0 bytes, startup_nuc029fae.o(.text))
<BR>[Address Reference Count : 1]<UL><LI> startup_nuc029fae.o(RESET)
</UL>
<P><STRONG><a name="[12]"></a>SPI_IRQHandler</STRONG> (Thumb, 0 bytes, Stack size 0 bytes, startup_nuc029fae.o(.text))
<BR>[Address Reference Count : 1]<UL><LI> startup_nuc029fae.o(RESET)
</UL>
<P><STRONG><a name="[e]"></a>TMR0_IRQHandler</STRONG> (Thumb, 0 bytes, Stack size 0 bytes, startup_nuc029fae.o(.text))
<BR>[Address Reference Count : 1]<UL><LI> startup_nuc029fae.o(RESET)
</UL>
<P><STRONG><a name="[f]"></a>TMR1_IRQHandler</STRONG> (Thumb, 0 bytes, Stack size 0 bytes, startup_nuc029fae.o(.text))
<BR>[Address Reference Count : 1]<UL><LI> startup_nuc029fae.o(RESET)
</UL>
<P><STRONG><a name="[7]"></a>WDT_IRQHandler</STRONG> (Thumb, 0 bytes, Stack size 0 bytes, startup_nuc029fae.o(.text))
<BR>[Address Reference Count : 1]<UL><LI> startup_nuc029fae.o(RESET)
</UL>
<P><STRONG><a name="[1e]"></a>stackDump</STRONG> (Thumb, 70 bytes, Stack size 8 bytes, retarget.o(.text))
<BR><BR>[Stack]<UL><LI>Max Depth = 32<LI>Call Chain = stackDump &rArr; __2printf
</UL>
<BR>[Calls]<UL><LI><a href="#[26]">&gt;&gt;</a>&nbsp;&nbsp;&nbsp;__2printf
</UL>
<BR>[Called By]<UL><LI><a href="#[1a]">&gt;&gt;</a>&nbsp;&nbsp;&nbsp;Hard_Fault_Handler
</UL>

<P><STRONG><a name="[1a]"></a>Hard_Fault_Handler</STRONG> (Thumb, 16 bytes, Stack size 0 bytes, retarget.o(.text))
<BR><BR>[Stack]<UL><LI>Max Depth = 32<LI>Call Chain = Hard_Fault_Handler &rArr; stackDump &rArr; __2printf
</UL>
<BR>[Calls]<UL><LI><a href="#[1e]">&gt;&gt;</a>&nbsp;&nbsp;&nbsp;stackDump
<LI><a href="#[26]">&gt;&gt;</a>&nbsp;&nbsp;&nbsp;__2printf
</UL>
<BR>[Address Reference Count : 1]<UL><LI> retarget.o(.emb_text)
</UL>
<P><STRONG><a name="[1f]"></a>SendChar</STRONG> (Thumb, 62 bytes, Stack size 16 bytes, retarget.o(.text))
<BR><BR>[Stack]<UL><LI>Max Depth = 16<LI>Call Chain = SendChar
</UL>
<BR>[Calls]<UL><LI><a href="#[27]">&gt;&gt;</a>&nbsp;&nbsp;&nbsp;SH_DoCommand
</UL>
<BR>[Called By]<UL><LI><a href="#[1c]">&gt;&gt;</a>&nbsp;&nbsp;&nbsp;fputc
</UL>

<P><STRONG><a name="[1c]"></a>fputc</STRONG> (Thumb, 12 bytes, Stack size 8 bytes, retarget.o(.text))
<BR><BR>[Stack]<UL><LI>Max Depth = 24<LI>Call Chain = fputc &rArr; SendChar
</UL>
<BR>[Calls]<UL><LI><a href="#[1f]">&gt;&gt;</a>&nbsp;&nbsp;&nbsp;SendChar
</UL>
<BR>[Address Reference Count : 1]<UL><LI> printf5.o(i.__0printf$5)
</UL>
<P><STRONG><a name="[2a]"></a>UART_DisableInt</STRONG> (Thumb, 8 bytes, Stack size 0 bytes, uart.o(.text))
<BR><BR>[Called By]<UL><LI><a href="#[29]">&gt;&gt;</a>&nbsp;&nbsp;&nbsp;DETACH_UART
</UL>

<P><STRONG><a name="[28]"></a>UART_Open</STRONG> (Thumb, 86 bytes, Stack size 32 bytes, uart.o(.text))
<BR><BR>[Stack]<UL><LI>Max Depth = 44<LI>Call Chain = UART_Open &rArr; __aeabi_uidivmod
</UL>
<BR>[Calls]<UL><LI><a href="#[25]">&gt;&gt;</a>&nbsp;&nbsp;&nbsp;__aeabi_uidivmod
</UL>
<BR>[Called By]<UL><LI><a href="#[37]">&gt;&gt;</a>&nbsp;&nbsp;&nbsp;UART_Init
</UL>

<P><STRONG><a name="[35]"></a>CLK_WaitClockReady</STRONG> (Thumb, 36 bytes, Stack size 8 bytes, clk.o(.text))
<BR><BR>[Stack]<UL><LI>Max Depth = 8<LI>Call Chain = CLK_WaitClockReady
</UL>
<BR>[Called By]<UL><LI><a href="#[33]">&gt;&gt;</a>&nbsp;&nbsp;&nbsp;SYS_Init
</UL>

<P><STRONG><a name="[36]"></a>SYS_LockReg</STRONG> (Thumb, 8 bytes, Stack size 0 bytes, sys.o(.text))
<BR><BR>[Called By]<UL><LI><a href="#[33]">&gt;&gt;</a>&nbsp;&nbsp;&nbsp;SYS_Init
</UL>

<P><STRONG><a name="[34]"></a>SYS_UnlockReg</STRONG> (Thumb, 26 bytes, Stack size 8 bytes, sys.o(.text))
<BR><BR>[Stack]<UL><LI>Max Depth = 8<LI>Call Chain = SYS_UnlockReg
</UL>
<BR>[Called By]<UL><LI><a href="#[33]">&gt;&gt;</a>&nbsp;&nbsp;&nbsp;SYS_Init
</UL>

<P><STRONG><a name="[2c]"></a>_settings</STRONG> (Thumb, 34 bytes, Stack size 16 bytes, mycar.o(.text))
<BR><BR>[Stack]<UL><LI>Max Depth = 16<LI>Call Chain = _settings
</UL>
<BR>[Called By]<UL><LI><a href="#[31]">&gt;&gt;</a>&nbsp;&nbsp;&nbsp;CAR_MANUEL
<LI><a href="#[2b]">&gt;&gt;</a>&nbsp;&nbsp;&nbsp;CAR_MOVING
</UL>

<P><STRONG><a name="[29]"></a>DETACH_UART</STRONG> (Thumb, 28 bytes, Stack size 8 bytes, mycar.o(.text))
<BR><BR>[Stack]<UL><LI>Max Depth = 8<LI>Call Chain = DETACH_UART
</UL>
<BR>[Calls]<UL><LI><a href="#[2a]">&gt;&gt;</a>&nbsp;&nbsp;&nbsp;UART_DisableInt
</UL>
<BR>[Called By]<UL><LI><a href="#[2b]">&gt;&gt;</a>&nbsp;&nbsp;&nbsp;CAR_MOVING
</UL>

<P><STRONG><a name="[2b]"></a>CAR_MOVING</STRONG> (Thumb, 244 bytes, Stack size 24 bytes, mycar.o(.text))
<BR><BR>[Stack]<UL><LI>Max Depth = 84<LI>Call Chain = CAR_MOVING &rArr; PWM_ConfigOutputChannel &rArr; __aeabi_uidivmod
</UL>
<BR>[Calls]<UL><LI><a href="#[30]">&gt;&gt;</a>&nbsp;&nbsp;&nbsp;PWM_Stop
<LI><a href="#[2f]">&gt;&gt;</a>&nbsp;&nbsp;&nbsp;PWM_Start
<LI><a href="#[2d]">&gt;&gt;</a>&nbsp;&nbsp;&nbsp;PWM_ConfigOutputChannel
<LI><a href="#[2e]">&gt;&gt;</a>&nbsp;&nbsp;&nbsp;__ARM_common_switch8
<LI><a href="#[29]">&gt;&gt;</a>&nbsp;&nbsp;&nbsp;DETACH_UART
<LI><a href="#[2c]">&gt;&gt;</a>&nbsp;&nbsp;&nbsp;_settings
<LI><a href="#[26]">&gt;&gt;</a>&nbsp;&nbsp;&nbsp;__2printf
</UL>
<BR>[Called By]<UL><LI><a href="#[11]">&gt;&gt;</a>&nbsp;&nbsp;&nbsp;UART_IRQHandler
</UL>

<P><STRONG><a name="[11]"></a>UART_IRQHandler</STRONG> (Thumb, 2 bytes, Stack size 0 bytes, mycar.o(.text))
<BR><BR>[Stack]<UL><LI>Max Depth = 84<LI>Call Chain = UART_IRQHandler &rArr; CAR_MOVING &rArr; PWM_ConfigOutputChannel &rArr; __aeabi_uidivmod
</UL>
<BR>[Calls]<UL><LI><a href="#[2b]">&gt;&gt;</a>&nbsp;&nbsp;&nbsp;CAR_MOVING
</UL>
<BR>[Address Reference Count : 1]<UL><LI> startup_nuc029fae.o(RESET)
</UL>
<P><STRONG><a name="[32]"></a>ATTACH_UART</STRONG> (Thumb, 22 bytes, Stack size 0 bytes, mycar.o(.text))
<BR><BR>[Called By]<UL><LI><a href="#[31]">&gt;&gt;</a>&nbsp;&nbsp;&nbsp;CAR_MANUEL
</UL>

<P><STRONG><a name="[31]"></a>CAR_MANUEL</STRONG> (Thumb, 104 bytes, Stack size 16 bytes, mycar.o(.text))
<BR><BR>[Stack]<UL><LI>Max Depth = 76<LI>Call Chain = CAR_MANUEL &rArr; PWM_ConfigOutputChannel &rArr; __aeabi_uidivmod
</UL>
<BR>[Calls]<UL><LI><a href="#[30]">&gt;&gt;</a>&nbsp;&nbsp;&nbsp;PWM_Stop
<LI><a href="#[2f]">&gt;&gt;</a>&nbsp;&nbsp;&nbsp;PWM_Start
<LI><a href="#[2d]">&gt;&gt;</a>&nbsp;&nbsp;&nbsp;PWM_ConfigOutputChannel
<LI><a href="#[32]">&gt;&gt;</a>&nbsp;&nbsp;&nbsp;ATTACH_UART
<LI><a href="#[2c]">&gt;&gt;</a>&nbsp;&nbsp;&nbsp;_settings
</UL>
<BR>[Called By]<UL><LI><a href="#[19]">&gt;&gt;</a>&nbsp;&nbsp;&nbsp;main
</UL>

<P><STRONG><a name="[33]"></a>SYS_Init</STRONG> (Thumb, 70 bytes, Stack size 8 bytes, mymain.o(.text))
<BR><BR>[Stack]<UL><LI>Max Depth = 28<LI>Call Chain = SYS_Init &rArr; SystemCoreClockUpdate &rArr; __aeabi_uidivmod
</UL>
<BR>[Calls]<UL><LI><a href="#[34]">&gt;&gt;</a>&nbsp;&nbsp;&nbsp;SYS_UnlockReg
<LI><a href="#[36]">&gt;&gt;</a>&nbsp;&nbsp;&nbsp;SYS_LockReg
<LI><a href="#[35]">&gt;&gt;</a>&nbsp;&nbsp;&nbsp;CLK_WaitClockReady
<LI><a href="#[24]">&gt;&gt;</a>&nbsp;&nbsp;&nbsp;SystemCoreClockUpdate
</UL>
<BR>[Called By]<UL><LI><a href="#[19]">&gt;&gt;</a>&nbsp;&nbsp;&nbsp;main
</UL>

<P><STRONG><a name="[37]"></a>UART_Init</STRONG> (Thumb, 80 bytes, Stack size 8 bytes, mymain.o(.text))
<BR><BR>[Stack]<UL><LI>Max Depth = 52<LI>Call Chain = UART_Init &rArr; UART_Open &rArr; __aeabi_uidivmod
</UL>
<BR>[Calls]<UL><LI><a href="#[38]">&gt;&gt;</a>&nbsp;&nbsp;&nbsp;PWM_EnableOutput
<LI><a href="#[39]">&gt;&gt;</a>&nbsp;&nbsp;&nbsp;GPIO_SetMode
<LI><a href="#[28]">&gt;&gt;</a>&nbsp;&nbsp;&nbsp;UART_Open
</UL>
<BR>[Called By]<UL><LI><a href="#[19]">&gt;&gt;</a>&nbsp;&nbsp;&nbsp;main
</UL>

<P><STRONG><a name="[2d]"></a>PWM_ConfigOutputChannel</STRONG> (Thumb, 232 bytes, Stack size 48 bytes, pwm.o(.text))
<BR><BR>[Stack]<UL><LI>Max Depth = 60<LI>Call Chain = PWM_ConfigOutputChannel &rArr; __aeabi_uidivmod
</UL>
<BR>[Calls]<UL><LI><a href="#[25]">&gt;&gt;</a>&nbsp;&nbsp;&nbsp;__aeabi_uidivmod
</UL>
<BR>[Called By]<UL><LI><a href="#[31]">&gt;&gt;</a>&nbsp;&nbsp;&nbsp;CAR_MANUEL
<LI><a href="#[2b]">&gt;&gt;</a>&nbsp;&nbsp;&nbsp;CAR_MOVING
</UL>

<P><STRONG><a name="[2f]"></a>PWM_Start</STRONG> (Thumb, 40 bytes, Stack size 12 bytes, pwm.o(.text))
<BR><BR>[Stack]<UL><LI>Max Depth = 12<LI>Call Chain = PWM_Start
</UL>
<BR>[Called By]<UL><LI><a href="#[31]">&gt;&gt;</a>&nbsp;&nbsp;&nbsp;CAR_MANUEL
<LI><a href="#[2b]">&gt;&gt;</a>&nbsp;&nbsp;&nbsp;CAR_MOVING
</UL>

<P><STRONG><a name="[30]"></a>PWM_Stop</STRONG> (Thumb, 32 bytes, Stack size 12 bytes, pwm.o(.text))
<BR><BR>[Stack]<UL><LI>Max Depth = 12<LI>Call Chain = PWM_Stop
</UL>
<BR>[Called By]<UL><LI><a href="#[31]">&gt;&gt;</a>&nbsp;&nbsp;&nbsp;CAR_MANUEL
<LI><a href="#[2b]">&gt;&gt;</a>&nbsp;&nbsp;&nbsp;CAR_MOVING
</UL>

<P><STRONG><a name="[38]"></a>PWM_EnableOutput</STRONG> (Thumb, 12 bytes, Stack size 0 bytes, pwm.o(.text))
<BR><BR>[Called By]<UL><LI><a href="#[37]">&gt;&gt;</a>&nbsp;&nbsp;&nbsp;UART_Init
</UL>

<P><STRONG><a name="[39]"></a>GPIO_SetMode</STRONG> (Thumb, 40 bytes, Stack size 20 bytes, gpio.o(.text))
<BR><BR>[Stack]<UL><LI>Max Depth = 20<LI>Call Chain = GPIO_SetMode
</UL>
<BR>[Called By]<UL><LI><a href="#[37]">&gt;&gt;</a>&nbsp;&nbsp;&nbsp;UART_Init
</UL>

<P><STRONG><a name="[19]"></a>main</STRONG> (Thumb, 14 bytes, Stack size 0 bytes, main.o(.text))
<BR><BR>[Stack]<UL><LI>Max Depth = 76<LI>Call Chain = main &rArr; CAR_MANUEL &rArr; PWM_ConfigOutputChannel &rArr; __aeabi_uidivmod
</UL>
<BR>[Calls]<UL><LI><a href="#[37]">&gt;&gt;</a>&nbsp;&nbsp;&nbsp;UART_Init
<LI><a href="#[33]">&gt;&gt;</a>&nbsp;&nbsp;&nbsp;SYS_Init
<LI><a href="#[31]">&gt;&gt;</a>&nbsp;&nbsp;&nbsp;CAR_MANUEL
</UL>
<BR>[Address Reference Count : 1]<UL><LI> entry9a.o(.ARM.Collect$$$$0000000B)
</UL>
<P><STRONG><a name="[46]"></a>__aeabi_uidiv</STRONG> (Thumb, 0 bytes, Stack size 12 bytes, uidiv.o(.text), UNUSED)

<P><STRONG><a name="[25]"></a>__aeabi_uidivmod</STRONG> (Thumb, 44 bytes, Stack size 12 bytes, uidiv.o(.text))
<BR><BR>[Stack]<UL><LI>Max Depth = 12<LI>Call Chain = __aeabi_uidivmod
</UL>
<BR>[Called By]<UL><LI><a href="#[2d]">&gt;&gt;</a>&nbsp;&nbsp;&nbsp;PWM_ConfigOutputChannel
<LI><a href="#[28]">&gt;&gt;</a>&nbsp;&nbsp;&nbsp;UART_Open
<LI><a href="#[24]">&gt;&gt;</a>&nbsp;&nbsp;&nbsp;SystemCoreClockUpdate
</UL>

<P><STRONG><a name="[3a]"></a>__aeabi_uldivmod</STRONG> (Thumb, 96 bytes, Stack size 48 bytes, uldiv.o(.text), UNUSED)
<BR><BR>[Calls]<UL><LI><a href="#[3b]">&gt;&gt;</a>&nbsp;&nbsp;&nbsp;__aeabi_llsr
<LI><a href="#[3c]">&gt;&gt;</a>&nbsp;&nbsp;&nbsp;__aeabi_llsl
</UL>
<BR>[Called By]<UL><LI><a href="#[3f]">&gt;&gt;</a>&nbsp;&nbsp;&nbsp;_printf_core
</UL>

<P><STRONG><a name="[21]"></a>__scatterload</STRONG> (Thumb, 28 bytes, Stack size 0 bytes, init.o(.text))
<BR><BR>[Calls]<UL><LI><a href="#[3d]">&gt;&gt;</a>&nbsp;&nbsp;&nbsp;__main_after_scatterload
</UL>
<BR>[Called By]<UL><LI><a href="#[20]">&gt;&gt;</a>&nbsp;&nbsp;&nbsp;_main_scatterload
</UL>

<P><STRONG><a name="[47]"></a>__scatterload_rt2</STRONG> (Thumb, 0 bytes, Stack size 0 bytes, init.o(.text), UNUSED)

<P><STRONG><a name="[3c]"></a>__aeabi_llsl</STRONG> (Thumb, 32 bytes, Stack size 8 bytes, llshl.o(.text), UNUSED)
<BR><BR>[Called By]<UL><LI><a href="#[3a]">&gt;&gt;</a>&nbsp;&nbsp;&nbsp;__aeabi_uldivmod
</UL>

<P><STRONG><a name="[48]"></a>_ll_shift_l</STRONG> (Thumb, 0 bytes, Stack size 8 bytes, llshl.o(.text), UNUSED)

<P><STRONG><a name="[3b]"></a>__aeabi_llsr</STRONG> (Thumb, 34 bytes, Stack size 8 bytes, llushr.o(.text), UNUSED)
<BR><BR>[Called By]<UL><LI><a href="#[3a]">&gt;&gt;</a>&nbsp;&nbsp;&nbsp;__aeabi_uldivmod
</UL>

<P><STRONG><a name="[49]"></a>_ll_ushift_r</STRONG> (Thumb, 0 bytes, Stack size 8 bytes, llushr.o(.text), UNUSED)

<P><STRONG><a name="[3e]"></a>__0printf$5</STRONG> (Thumb, 24 bytes, Stack size 24 bytes, printf5.o(i.__0printf$5), UNUSED)
<BR><BR>[Calls]<UL><LI><a href="#[3f]">&gt;&gt;</a>&nbsp;&nbsp;&nbsp;_printf_core
</UL>

<P><STRONG><a name="[4a]"></a>__1printf$5</STRONG> (Thumb, 0 bytes, Stack size 24 bytes, printf5.o(i.__0printf$5), UNUSED)

<P><STRONG><a name="[26]"></a>__2printf</STRONG> (Thumb, 0 bytes, Stack size 24 bytes, printf5.o(i.__0printf$5))
<BR><BR>[Stack]<UL><LI>Max Depth = 24<LI>Call Chain = __2printf
</UL>
<BR>[Called By]<UL><LI><a href="#[2b]">&gt;&gt;</a>&nbsp;&nbsp;&nbsp;CAR_MOVING
<LI><a href="#[1e]">&gt;&gt;</a>&nbsp;&nbsp;&nbsp;stackDump
<LI><a href="#[1a]">&gt;&gt;</a>&nbsp;&nbsp;&nbsp;Hard_Fault_Handler
</UL>

<P><STRONG><a name="[2e]"></a>__ARM_common_switch8</STRONG> (Thumb, 26 bytes, Stack size 8 bytes, mycar.o(i.__ARM_common_switch8))
<BR><BR>[Stack]<UL><LI>Max Depth = 8<LI>Call Chain = __ARM_common_switch8
</UL>
<BR>[Called By]<UL><LI><a href="#[2b]">&gt;&gt;</a>&nbsp;&nbsp;&nbsp;CAR_MOVING
</UL>

<P><STRONG><a name="[4b]"></a>__scatterload_copy</STRONG> (Thumb, 14 bytes, Stack size unknown bytes, handlers.o(i.__scatterload_copy), UNUSED)

<P><STRONG><a name="[4c]"></a>__scatterload_null</STRONG> (Thumb, 2 bytes, Stack size unknown bytes, handlers.o(i.__scatterload_null), UNUSED)

<P><STRONG><a name="[4d]"></a>__scatterload_zeroinit</STRONG> (Thumb, 14 bytes, Stack size unknown bytes, handlers.o(i.__scatterload_zeroinit), UNUSED)
<P>
<H3>
Local Symbols
</H3>
<P><STRONG><a name="[10]"></a>Default_Handler</STRONG> (Thumb, 2 bytes, Stack size 0 bytes, startup_nuc029fae.o(.text))
<BR><BR>[Calls]<UL><LI><a href="#[10]">&gt;&gt;</a>&nbsp;&nbsp;&nbsp;Default_Handler
</UL>
<BR>[Called By]<UL><LI><a href="#[10]">&gt;&gt;</a>&nbsp;&nbsp;&nbsp;Default_Handler
</UL>
<BR>[Address Reference Count : 1]<UL><LI> startup_nuc029fae.o(RESET)
</UL>
<P><STRONG><a name="[3f]"></a>_printf_core</STRONG> (Thumb, 680 bytes, Stack size 96 bytes, printf5.o(i._printf_core), UNUSED)
<BR><BR>[Calls]<UL><LI><a href="#[3a]">&gt;&gt;</a>&nbsp;&nbsp;&nbsp;__aeabi_uldivmod
</UL>
<BR>[Called By]<UL><LI><a href="#[3e]">&gt;&gt;</a>&nbsp;&nbsp;&nbsp;__0printf$5
</UL>
<P>
<H3>
Undefined Global Symbols
</H3>
<P><STRONG><a name="[23]"></a>__arm_fini_</STRONG> (Unknown, 0 bytes, Stack size 0 bytes, UNDEFINED)
<BR><BR>[Called By]<UL><LI><a href="#[22]">&gt;&gt;</a>&nbsp;&nbsp;&nbsp;__rt_lib_shutdown_fini
</UL>
<HR></body></html>
